sep 30 06:39:19 angel-VirtualBox kernel: Linux version 6.14.0-29-generic (buildd@lcy02-amd64-105) (x86_64-linux-gnu-gcc-13 (Ubuntu 13.3.0-6ubuntu2~24.04) 13.3.0, GNU ld (GNU Binutils for Ubuntu) 2.42) #29~24.04.1-Ubuntu SMP PREEMPT_DYNAMIC Thu Aug 14 16:52:50 UTC 2 (Ubuntu 6.14.0-29.29~24.04.1-generic 6.14.8)
sep 30 06:39:19 angel-VirtualBox kernel: Command line: BOOT_IMAGE=/boot/vmlinuz-6.14.0-29-generic root=UUID=d6c1ba1b-4554-4ae7-a43b-bcca6544d49c ro quiet splash
sep 30 06:39:19 angel-VirtualBox kernel: KERNEL supported cpus:
sep 30 06:39:19 angel-VirtualBox kernel:   Intel GenuineIntel
sep 30 06:39:19 angel-VirtualBox kernel:   AMD AuthenticAMD
sep 30 06:39:19 angel-VirtualBox kernel:   Hygon HygonGenuine
sep 30 06:39:19 angel-VirtualBox kernel:   Centaur CentaurHauls
sep 30 06:39:19 angel-VirtualBox kernel:   zhaoxin   Shanghai  
sep 30 06:39:19 angel-VirtualBox kernel: [Firmware Bug]: TSC doesn't count with P0 frequency!
sep 30 06:39:19 angel-VirtualBox kernel: BIOS-provided physical RAM map:
sep 30 06:39:19 angel-VirtualBox kernel: BIOS-e820: [mem 0x0000000000000000-0x000000000009fbff] usable
sep 30 06:39:19 angel-VirtualBox kernel: BIOS-e820: [mem 0x000000000009fc00-0x000000000009ffff] reserved
sep 30 06:39:19 angel-VirtualBox kernel: BIOS-e820: [mem 0x00000000000f0000-0x00000000000fffff] reserved
sep 30 06:39:19 angel-VirtualBox kernel: BIOS-e820: [mem 0x0000000000100000-0x00000000dffeffff] usable
sep 30 06:39:19 angel-VirtualBox kernel: BIOS-e820: [mem 0x00000000dfff0000-0x00000000dfffffff] ACPI data
sep 30 06:39:19 angel-VirtualBox kernel: BIOS-e820: [mem 0x00000000fec00000-0x00000000fec00fff] reserved
sep 30 06:39:19 angel-VirtualBox kernel: BIOS-e820: [mem 0x00000000fee00000-0x00000000fee00fff] reserved
sep 30 06:39:19 angel-VirtualBox kernel: BIOS-e820: [mem 0x00000000fffc0000-0x00000000ffffffff] reserved
sep 30 06:39:19 angel-VirtualBox kernel: BIOS-e820: [mem 0x0000000100000000-0x000000029bffffff] usable
sep 30 06:39:19 angel-VirtualBox kernel: NX (Execute Disable) protection: active
sep 30 06:39:19 angel-VirtualBox kernel: APIC: Static calls initialized
sep 30 06:39:19 angel-VirtualBox kernel: SMBIOS 2.5 present.
sep 30 06:39:19 angel-VirtualBox kernel: DMI: innotek GmbH VirtualBox/VirtualBox, BIOS VirtualBox 12/01/2006
sep 30 06:39:19 angel-VirtualBox kernel: DMI: Memory slots populated: 0/0
sep 30 06:39:19 angel-VirtualBox kernel: Hypervisor detected: KVM
sep 30 06:39:19 angel-VirtualBox kernel: kvm-clock: Using msrs 4b564d01 and 4b564d00
sep 30 06:39:19 angel-VirtualBox kernel: kvm-clock: using sched offset of 6545987800 cycles
sep 30 06:39:19 angel-VirtualBox kernel: clocksource: kvm-clock: mask: 0xffffffffffffffff max_cycles: 0x1cd42e4dffb, max_idle_ns: 881590591483 ns
sep 30 06:39:19 angel-VirtualBox kernel: tsc: Detected 2395.446 MHz processor
sep 30 06:39:19 angel-VirtualBox kernel: e820: update [mem 0x00000000-0x00000fff] usable ==> reserved
sep 30 06:39:19 angel-VirtualBox kernel: e820: remove [mem 0x000a0000-0x000fffff] usable
sep 30 06:39:19 angel-VirtualBox kernel: last_pfn = 0x29c000 max_arch_pfn = 0x400000000
sep 30 06:39:19 angel-VirtualBox kernel: MTRR map: 3 entries (3 fixed + 0 variable; max 19), built from 8 variable MTRRs
sep 30 06:39:19 angel-VirtualBox kernel: x86/PAT: Configuration [0-7]: WB  WC  UC- UC  WB  WP  UC- WT  
sep 30 06:39:19 angel-VirtualBox kernel: CPU MTRRs all blank - virtualized system.
sep 30 06:39:19 angel-VirtualBox kernel: last_pfn = 0xe0000 max_arch_pfn = 0x400000000
sep 30 06:39:19 angel-VirtualBox kernel: found SMP MP-table at [mem 0x0009fbf0-0x0009fbff]
sep 30 06:39:19 angel-VirtualBox kernel: RAMDISK: [mem 0x2f517000-0x33a82fff]
sep 30 06:39:19 angel-VirtualBox kernel: ACPI: Early table checksum verification disabled
sep 30 06:39:19 angel-VirtualBox kernel: ACPI: RSDP 0x00000000000E0000 000024 (v02 VBOX  )
sep 30 06:39:19 angel-VirtualBox kernel: ACPI: XSDT 0x00000000DFFF0030 00003C (v01 VBOX   VBOXXSDT 00000001 ASL  00000061)
sep 30 06:39:19 angel-VirtualBox kernel: ACPI: FACP 0x00000000DFFF00F0 0000F4 (v04 VBOX   VBOXFACP 00000001 ASL  00000061)
sep 30 06:39:19 angel-VirtualBox kernel: ACPI: DSDT 0x00000000DFFF02E0 002353 (v02 VBOX   VBOXBIOS 00000002 VBOX 000298F4)
sep 30 06:39:19 angel-VirtualBox kernel: ACPI: FACS 0x00000000DFFF0200 000040
sep 30 06:39:19 angel-VirtualBox kernel: ACPI: FACS 0x00000000DFFF0200 000040
sep 30 06:39:19 angel-VirtualBox kernel: ACPI: APIC 0x00000000DFFF0240 000054 (v02 VBOX   VBOXAPIC 00000001 ASL  00000061)
sep 30 06:39:19 angel-VirtualBox kernel: ACPI: SSDT 0x00000000DFFF02A0 000038 (v01 VBOX   VBOXCPUT 00000002 VBOX 000298F4)
sep 30 06:39:19 angel-VirtualBox kernel: ACPI: Reserving FACP table memory at [mem 0xdfff00f0-0xdfff01e3]
sep 30 06:39:19 angel-VirtualBox kernel: ACPI: Reserving DSDT table memory at [mem 0xdfff02e0-0xdfff2632]
sep 30 06:39:19 angel-VirtualBox kernel: ACPI: Reserving FACS table memory at [mem 0xdfff0200-0xdfff023f]
sep 30 06:39:19 angel-VirtualBox kernel: ACPI: Reserving FACS table memory at [mem 0xdfff0200-0xdfff023f]
sep 30 06:39:19 angel-VirtualBox kernel: ACPI: Reserving APIC table memory at [mem 0xdfff0240-0xdfff0293]
sep 30 06:39:19 angel-VirtualBox kernel: ACPI: Reserving SSDT table memory at [mem 0xdfff02a0-0xdfff02d7]
sep 30 06:39:19 angel-VirtualBox kernel: No NUMA configuration found
sep 30 06:39:19 angel-VirtualBox kernel: Faking a node at [mem 0x0000000000000000-0x000000029bffffff]
sep 30 06:39:19 angel-VirtualBox kernel: NODE_DATA(0) allocated [mem 0x29bfd0540-0x29bffafff]
sep 30 06:39:19 angel-VirtualBox kernel: Zone ranges:
sep 30 06:39:19 angel-VirtualBox kernel:   DMA      [mem 0x0000000000001000-0x0000000000ffffff]
sep 30 06:39:19 angel-VirtualBox kernel:   DMA32    [mem 0x0000000001000000-0x00000000ffffffff]
sep 30 06:39:19 angel-VirtualBox kernel:   Normal   [mem 0x0000000100000000-0x000000029bffffff]
sep 30 06:39:19 angel-VirtualBox kernel:   Device   empty
sep 30 06:39:19 angel-VirtualBox kernel: Movable zone start for each node
sep 30 06:39:19 angel-VirtualBox kernel: Early memory node ranges
sep 30 06:39:19 angel-VirtualBox kernel:   node   0: [mem 0x0000000000001000-0x000000000009efff]
sep 30 06:39:19 angel-VirtualBox kernel:   node   0: [mem 0x0000000000100000-0x00000000dffeffff]
sep 30 06:39:19 angel-VirtualBox kernel:   node   0: [mem 0x0000000100000000-0x000000029bffffff]
sep 30 06:39:19 angel-VirtualBox kernel: Initmem setup node 0 [mem 0x0000000000001000-0x000000029bffffff]
sep 30 06:39:19 angel-VirtualBox kernel: On node 0, zone DMA: 1 pages in unavailable ranges
sep 30 06:39:19 angel-VirtualBox kernel: On node 0, zone DMA: 97 pages in unavailable ranges
sep 30 06:39:19 angel-VirtualBox kernel: On node 0, zone Normal: 16 pages in unavailable ranges
sep 30 06:39:19 angel-VirtualBox kernel: On node 0, zone Normal: 16384 pages in unavailable ranges
sep 30 06:39:19 angel-VirtualBox kernel: ACPI: PM-Timer IO Port: 0x4008
sep 30 06:39:19 angel-VirtualBox kernel: IOAPIC[0]: apic_id 1, version 32, address 0xfec00000, GSI 0-23
sep 30 06:39:19 angel-VirtualBox kernel: ACPI: INT_SRC_OVR (bus 0 bus_irq 0 global_irq 2 dfl dfl)
sep 30 06:39:19 angel-VirtualBox kernel: ACPI: INT_SRC_OVR (bus 0 bus_irq 9 global_irq 9 low level)
sep 30 06:39:19 angel-VirtualBox kernel: ACPI: Using ACPI (MADT) for SMP configuration information
sep 30 06:39:19 angel-VirtualBox kernel: CPU topo: Max. logical packages:   1
sep 30 06:39:19 angel-VirtualBox kernel: CPU topo: Max. logical dies:       1
sep 30 06:39:19 angel-VirtualBox kernel: CPU topo: Max. dies per package:   1
sep 30 06:39:19 angel-VirtualBox kernel: CPU topo: Max. threads per core:   1
sep 30 06:39:19 angel-VirtualBox kernel: CPU topo: Num. cores per package:     1
sep 30 06:39:19 angel-VirtualBox kernel: CPU topo: Num. threads per package:   1
sep 30 06:39:19 angel-VirtualBox kernel: CPU topo: Allowing 1 present CPUs plus 0 hotplug CPUs
sep 30 06:39:19 angel-VirtualBox kernel: PM: hibernation: Registered nosave memory: [mem 0x00000000-0x00000fff]
sep 30 06:39:19 angel-VirtualBox kernel: PM: hibernation: Registered nosave memory: [mem 0x0009f000-0x000fffff]
sep 30 06:39:19 angel-VirtualBox kernel: PM: hibernation: Registered nosave memory: [mem 0xdfff0000-0xffffffff]
sep 30 06:39:19 angel-VirtualBox kernel: [mem 0xe0000000-0xfebfffff] available for PCI devices
sep 30 06:39:19 angel-VirtualBox kernel: Booting paravirtualized kernel on KVM
sep 30 06:39:19 angel-VirtualBox kernel: clocksource: refined-jiffies: mask: 0xffffffff max_cycles: 0xffffffff, max_idle_ns: 1910969940391419 ns
sep 30 06:39:19 angel-VirtualBox kernel: setup_percpu: NR_CPUS:8192 nr_cpumask_bits:1 nr_cpu_ids:1 nr_node_ids:1
sep 30 06:39:19 angel-VirtualBox kernel: percpu: Embedded 88 pages/cpu s237568 r8192 d114688 u2097152
sep 30 06:39:19 angel-VirtualBox kernel: pcpu-alloc: s237568 r8192 d114688 u2097152 alloc=1*2097152
sep 30 06:39:19 angel-VirtualBox kernel: pcpu-alloc: [0] 0 
sep 30 06:39:19 angel-VirtualBox kernel: kvm-guest: PV spinlocks disabled, single CPU
sep 30 06:39:19 angel-VirtualBox kernel: Kernel command line: BOOT_IMAGE=/boot/vmlinuz-6.14.0-29-generic root=UUID=d6c1ba1b-4554-4ae7-a43b-bcca6544d49c ro quiet splash
sep 30 06:39:19 angel-VirtualBox kernel: Unknown kernel command line parameters "splash BOOT_IMAGE=/boot/vmlinuz-6.14.0-29-generic", will be passed to user space.
sep 30 06:39:19 angel-VirtualBox kernel: random: crng init done
sep 30 06:39:19 angel-VirtualBox kernel: printk: log buffer data + meta data: 262144 + 917504 = 1179648 bytes
sep 30 06:39:19 angel-VirtualBox kernel: Dentry cache hash table entries: 2097152 (order: 12, 16777216 bytes, linear)
sep 30 06:39:19 angel-VirtualBox kernel: Inode-cache hash table entries: 1048576 (order: 11, 8388608 bytes, linear)
sep 30 06:39:19 angel-VirtualBox kernel: Fallback order for Node 0: 0 
sep 30 06:39:19 angel-VirtualBox kernel: Built 1 zonelists, mobility grouping on.  Total pages: 2604942
sep 30 06:39:19 angel-VirtualBox kernel: Policy zone: Normal
sep 30 06:39:19 angel-VirtualBox kernel: mem auto-init: stack:all(zero), heap alloc:on, heap free:off
sep 30 06:39:19 angel-VirtualBox kernel: software IO TLB: area num 1.
sep 30 06:39:19 angel-VirtualBox kernel: SLUB: HWalign=64, Order=0-3, MinObjects=0, CPUs=1, Nodes=1
sep 30 06:39:19 angel-VirtualBox kernel: ftrace: allocating 60358 entries in 236 pages
sep 30 06:39:19 angel-VirtualBox kernel: ftrace: allocated 236 pages with 5 groups
sep 30 06:39:19 angel-VirtualBox kernel: Dynamic Preempt: voluntary
sep 30 06:39:19 angel-VirtualBox kernel: rcu: Preemptible hierarchical RCU implementation.
sep 30 06:39:19 angel-VirtualBox kernel: rcu:         RCU restricting CPUs from NR_CPUS=8192 to nr_cpu_ids=1.
sep 30 06:39:19 angel-VirtualBox kernel:         Trampoline variant of Tasks RCU enabled.
sep 30 06:39:19 angel-VirtualBox kernel:         Rude variant of Tasks RCU enabled.
sep 30 06:39:19 angel-VirtualBox kernel:         Tracing variant of Tasks RCU enabled.
sep 30 06:39:19 angel-VirtualBox kernel: rcu: RCU calculated value of scheduler-enlistment delay is 100 jiffies.
sep 30 06:39:19 angel-VirtualBox kernel: rcu: Adjusting geometry for rcu_fanout_leaf=16, nr_cpu_ids=1
sep 30 06:39:19 angel-VirtualBox kernel: RCU Tasks: Setting shift to 0 and lim to 1 rcu_task_cb_adjust=1 rcu_task_cpu_ids=1.
sep 30 06:39:19 angel-VirtualBox kernel: RCU Tasks Rude: Setting shift to 0 and lim to 1 rcu_task_cb_adjust=1 rcu_task_cpu_ids=1.
sep 30 06:39:19 angel-VirtualBox kernel: RCU Tasks Trace: Setting shift to 0 and lim to 1 rcu_task_cb_adjust=1 rcu_task_cpu_ids=1.
sep 30 06:39:19 angel-VirtualBox kernel: NR_IRQS: 524544, nr_irqs: 256, preallocated irqs: 16
sep 30 06:39:19 angel-VirtualBox kernel: rcu: srcu_init: Setting srcu_struct sizes based on contention.
sep 30 06:39:19 angel-VirtualBox kernel: Console: colour VGA+ 80x25
sep 30 06:39:19 angel-VirtualBox kernel: printk: legacy console [tty0] enabled
sep 30 06:39:19 angel-VirtualBox kernel: ACPI: Core revision 20240827
sep 30 06:39:19 angel-VirtualBox kernel: APIC: Switch to symmetric I/O mode setup
sep 30 06:39:19 angel-VirtualBox kernel: ..TIMER: vector=0x30 apic1=0 pin1=2 apic2=-1 pin2=-1
sep 30 06:39:19 angel-VirtualBox kernel: clocksource: tsc-early: mask: 0xffffffffffffffff max_cycles: 0x228769a36e3, max_idle_ns: 440795273478 ns
sep 30 06:39:19 angel-VirtualBox kernel: Calibrating delay loop (skipped) preset value.. 4790.89 BogoMIPS (lpj=2395446)
sep 30 06:39:19 angel-VirtualBox kernel: Last level iTLB entries: 4KB 512, 2MB 512, 4MB 256
sep 30 06:39:19 angel-VirtualBox kernel: Last level dTLB entries: 4KB 3072, 2MB 3072, 4MB 1536, 1GB 0
sep 30 06:39:19 angel-VirtualBox kernel: Spectre V1 : Mitigation: usercopy/swapgs barriers and __user pointer sanitization
sep 30 06:39:19 angel-VirtualBox kernel: Spectre V2 : Mitigation: Retpolines
sep 30 06:39:19 angel-VirtualBox kernel: Spectre V2 : Spectre v2 / SpectreRSB: Filling RSB on context switch and VMEXIT
sep 30 06:39:19 angel-VirtualBox kernel: Speculative Return Stack Overflow: IBPB-extending microcode not applied!
sep 30 06:39:19 angel-VirtualBox kernel: Speculative Return Stack Overflow: WARNING: See https://kernel.org/doc/html/latest/admin-guide/hw-vuln/srso.html for mitigation options.
sep 30 06:39:19 angel-VirtualBox kernel: Speculative Return Stack Overflow: Vulnerable: Safe RET, no microcode
sep 30 06:39:19 angel-VirtualBox kernel: x86/fpu: Supporting XSAVE feature 0x001: 'x87 floating point registers'
sep 30 06:39:19 angel-VirtualBox kernel: x86/fpu: Supporting XSAVE feature 0x002: 'SSE registers'
sep 30 06:39:19 angel-VirtualBox kernel: x86/fpu: Supporting XSAVE feature 0x004: 'AVX registers'
sep 30 06:39:19 angel-VirtualBox kernel: x86/fpu: xstate_offset[2]:  576, xstate_sizes[2]:  256
sep 30 06:39:19 angel-VirtualBox kernel: x86/fpu: Enabled xstate features 0x7, context size is 832 bytes, using 'standard' format.
sep 30 06:39:19 angel-VirtualBox kernel: Freeing SMP alternatives memory: 48K
sep 30 06:39:19 angel-VirtualBox kernel: pid_max: default: 32768 minimum: 301
sep 30 06:39:19 angel-VirtualBox kernel: LSM: initializing lsm=lockdown,capability,landlock,yama,apparmor,ima,evm
sep 30 06:39:19 angel-VirtualBox kernel: landlock: Up and running.
sep 30 06:39:19 angel-VirtualBox kernel: Yama: becoming mindful.
sep 30 06:39:19 angel-VirtualBox kernel: AppArmor: AppArmor initialized
sep 30 06:39:19 angel-VirtualBox kernel: Mount-cache hash table entries: 32768 (order: 6, 262144 bytes, linear)
sep 30 06:39:19 angel-VirtualBox kernel: Mountpoint-cache hash table entries: 32768 (order: 6, 262144 bytes, linear)
sep 30 06:39:19 angel-VirtualBox kernel: APIC calibration not consistent with PM-Timer: 121ms instead of 100ms
sep 30 06:39:19 angel-VirtualBox kernel: APIC delta adjusted to PM-Timer: 6287341 (7623837)
sep 30 06:39:19 angel-VirtualBox kernel: smpboot: CPU0: AMD Ryzen 9 8940HX with Radeon Graphics (family: 0x19, model: 0x61, stepping: 0x2)
sep 30 06:39:19 angel-VirtualBox kernel: Performance Events: PMU not available due to virtualization, using software events only.
sep 30 06:39:19 angel-VirtualBox kernel: signal: max sigframe size: 1776
sep 30 06:39:19 angel-VirtualBox kernel: rcu: Hierarchical SRCU implementation.
sep 30 06:39:19 angel-VirtualBox kernel: rcu:         Max phase no-delay instances is 400.
sep 30 06:39:19 angel-VirtualBox kernel: NMI watchdog: Perf NMI watchdog permanently disabled
sep 30 06:39:19 angel-VirtualBox kernel: smp: Bringing up secondary CPUs ...
sep 30 06:39:19 angel-VirtualBox kernel: smp: Brought up 1 node, 1 CPU
sep 30 06:39:19 angel-VirtualBox kernel: smpboot: Total of 1 processors activated (4790.89 BogoMIPS)
sep 30 06:39:19 angel-VirtualBox kernel: Memory: 10033696K/10419768K available (21446K kernel code, 4573K rwdata, 15052K rodata, 5132K init, 4436K bss, 380312K reserved, 0K cma-reserved)
sep 30 06:39:19 angel-VirtualBox kernel: devtmpfs: initialized
sep 30 06:39:19 angel-VirtualBox kernel: x86/mm: Memory block size: 128MB
sep 30 06:39:19 angel-VirtualBox kernel: clocksource: jiffies: mask: 0xffffffff max_cycles: 0xffffffff, max_idle_ns: 1911260446275000 ns
sep 30 06:39:19 angel-VirtualBox kernel: futex hash table entries: 256 (order: 2, 16384 bytes, linear)
sep 30 06:39:19 angel-VirtualBox kernel: pinctrl core: initialized pinctrl subsystem
sep 30 06:39:19 angel-VirtualBox kernel: PM: RTC time: 12:39:14, date: 2025-09-30
sep 30 06:39:19 angel-VirtualBox kernel: NET: Registered PF_NETLINK/PF_ROUTE protocol family
sep 30 06:39:19 angel-VirtualBox kernel: DMA: preallocated 2048 KiB GFP_KERNEL pool for atomic allocations
sep 30 06:39:19 angel-VirtualBox kernel: DMA: preallocated 2048 KiB GFP_KERNEL|GFP_DMA pool for atomic allocations
sep 30 06:39:19 angel-VirtualBox kernel: DMA: preallocated 2048 KiB GFP_KERNEL|GFP_DMA32 pool for atomic allocations
sep 30 06:39:19 angel-VirtualBox kernel: audit: initializing netlink subsys (disabled)
sep 30 06:39:19 angel-VirtualBox kernel: audit: type=2000 audit(1759235963.886:1): state=initialized audit_enabled=0 res=1
sep 30 06:39:19 angel-VirtualBox kernel: thermal_sys: Registered thermal governor 'fair_share'
sep 30 06:39:19 angel-VirtualBox kernel: thermal_sys: Registered thermal governor 'bang_bang'
sep 30 06:39:19 angel-VirtualBox kernel: thermal_sys: Registered thermal governor 'step_wise'
sep 30 06:39:19 angel-VirtualBox kernel: thermal_sys: Registered thermal governor 'user_space'
sep 30 06:39:19 angel-VirtualBox kernel: thermal_sys: Registered thermal governor 'power_allocator'
sep 30 06:39:19 angel-VirtualBox kernel: cpuidle: using governor ladder
sep 30 06:39:19 angel-VirtualBox kernel: cpuidle: using governor menu
sep 30 06:39:19 angel-VirtualBox kernel: acpiphp: ACPI Hot Plug PCI Controller Driver version: 0.5
sep 30 06:39:19 angel-VirtualBox kernel: PCI: Using configuration type 1 for base access
sep 30 06:39:19 angel-VirtualBox kernel: PCI: Using configuration type 1 for extended access
sep 30 06:39:19 angel-VirtualBox kernel: kprobes: kprobe jump-optimization is enabled. All kprobes are optimized if possible.
sep 30 06:39:19 angel-VirtualBox kernel: HugeTLB: registered 2.00 MiB page size, pre-allocated 0 pages
sep 30 06:39:19 angel-VirtualBox kernel: HugeTLB: 28 KiB vmemmap can be freed for a 2.00 MiB page
sep 30 06:39:19 angel-VirtualBox kernel: ACPI: Added _OSI(Module Device)
sep 30 06:39:19 angel-VirtualBox kernel: ACPI: Added _OSI(Processor Device)
sep 30 06:39:19 angel-VirtualBox kernel: ACPI: Added _OSI(3.0 _SCP Extensions)
sep 30 06:39:19 angel-VirtualBox kernel: ACPI: Added _OSI(Processor Aggregator Device)
sep 30 06:39:19 angel-VirtualBox kernel: ACPI: 2 ACPI AML tables successfully acquired and loaded
sep 30 06:39:19 angel-VirtualBox kernel: ACPI: Interpreter enabled
sep 30 06:39:19 angel-VirtualBox kernel: ACPI: PM: (supports S0 S5)
sep 30 06:39:19 angel-VirtualBox kernel: ACPI: Using IOAPIC for interrupt routing
sep 30 06:39:19 angel-VirtualBox kernel: PCI: Using host bridge windows from ACPI; if necessary, use "pci=nocrs" and report a bug
sep 30 06:39:19 angel-VirtualBox kernel: PCI: Using E820 reservations for host bridge windows
sep 30 06:39:19 angel-VirtualBox kernel: ACPI: Enabled 2 GPEs in block 00 to 07
sep 30 06:39:19 angel-VirtualBox kernel: ACPI: PCI Root Bridge [PCI0] (domain 0000 [bus 00-ff])
sep 30 06:39:19 angel-VirtualBox kernel: acpi PNP0A03:00: _OSC: OS supports [ExtendedConfig ASPM ClockPM Segments MSI EDR HPX-Type3]
sep 30 06:39:19 angel-VirtualBox kernel: acpi PNP0A03:00: _OSC: platform does not support [PCIeCapability LTR DPC]
sep 30 06:39:19 angel-VirtualBox kernel: acpi PNP0A03:00: _OSC: not requesting control; platform does not support [PCIeCapability]
sep 30 06:39:19 angel-VirtualBox kernel: acpi PNP0A03:00: _OSC: OS requested [PCIeHotplug SHPCHotplug PME AER PCIeCapability LTR DPC]
sep 30 06:39:19 angel-VirtualBox kernel: acpi PNP0A03:00: _OSC: platform willing to grant [PCIeHotplug SHPCHotplug PME AER]
sep 30 06:39:19 angel-VirtualBox kernel: acpi PNP0A03:00: _OSC: platform retains control of PCIe features (AE_SUPPORT)
sep 30 06:39:19 angel-VirtualBox kernel: PCI host bridge to bus 0000:00
sep 30 06:39:19 angel-VirtualBox kernel: pci_bus 0000:00: root bus resource [io  0x0000-0x0cf7 window]
sep 30 06:39:19 angel-VirtualBox kernel: pci_bus 0000:00: root bus resource [io  0x0d00-0xffff window]
sep 30 06:39:19 angel-VirtualBox kernel: pci_bus 0000:00: root bus resource [mem 0x000a0000-0x000bffff window]
sep 30 06:39:19 angel-VirtualBox kernel: pci_bus 0000:00: root bus resource [mem 0xe0000000-0xfdffffff window]
sep 30 06:39:19 angel-VirtualBox kernel: pci_bus 0000:00: root bus resource [bus 00-ff]
sep 30 06:39:19 angel-VirtualBox kernel: pci 0000:00:00.0: [8086:1237] type 00 class 0x060000 conventional PCI endpoint
sep 30 06:39:19 angel-VirtualBox kernel: pci 0000:00:01.0: [8086:7000] type 00 class 0x060100 conventional PCI endpoint
sep 30 06:39:19 angel-VirtualBox kernel: pci 0000:00:01.1: [8086:7111] type 00 class 0x01018a conventional PCI endpoint
sep 30 06:39:19 angel-VirtualBox kernel: pci 0000:00:01.1: BAR 4 [io  0xd000-0xd00f]
sep 30 06:39:19 angel-VirtualBox kernel: pci 0000:00:01.1: BAR 0 [io  0x01f0-0x01f7]: legacy IDE quirk
sep 30 06:39:19 angel-VirtualBox kernel: pci 0000:00:01.1: BAR 1 [io  0x03f6]: legacy IDE quirk
sep 30 06:39:19 angel-VirtualBox kernel: pci 0000:00:01.1: BAR 2 [io  0x0170-0x0177]: legacy IDE quirk
sep 30 06:39:19 angel-VirtualBox kernel: pci 0000:00:01.1: BAR 3 [io  0x0376]: legacy IDE quirk
sep 30 06:39:19 angel-VirtualBox kernel: pci 0000:00:02.0: [15ad:0405] type 00 class 0x030000 conventional PCI endpoint
sep 30 06:39:19 angel-VirtualBox kernel: pci 0000:00:02.0: BAR 0 [io  0xd010-0xd01f]
sep 30 06:39:19 angel-VirtualBox kernel: pci 0000:00:02.0: BAR 1 [mem 0xe0000000-0xe3ffffff pref]
sep 30 06:39:19 angel-VirtualBox kernel: pci 0000:00:02.0: BAR 2 [mem 0xf0000000-0xf01fffff]
sep 30 06:39:19 angel-VirtualBox kernel: pci 0000:00:02.0: Video device with shadowed ROM at [mem 0x000c0000-0x000dffff]
sep 30 06:39:19 angel-VirtualBox kernel: pci 0000:00:03.0: [8086:100e] type 00 class 0x020000 conventional PCI endpoint
sep 30 06:39:19 angel-VirtualBox kernel: pci 0000:00:03.0: BAR 0 [mem 0xf0200000-0xf021ffff]
sep 30 06:39:19 angel-VirtualBox kernel: pci 0000:00:03.0: BAR 2 [io  0xd020-0xd027]
sep 30 06:39:19 angel-VirtualBox kernel: pci 0000:00:04.0: [80ee:cafe] type 00 class 0x088000 conventional PCI endpoint
sep 30 06:39:19 angel-VirtualBox kernel: pci 0000:00:04.0: BAR 0 [io  0xd040-0xd05f]
sep 30 06:39:19 angel-VirtualBox kernel: pci 0000:00:04.0: BAR 1 [mem 0xf0400000-0xf07fffff]
sep 30 06:39:19 angel-VirtualBox kernel: pci 0000:00:04.0: BAR 2 [mem 0xf0800000-0xf0803fff pref]
sep 30 06:39:19 angel-VirtualBox kernel: pci 0000:00:05.0: [8086:2415] type 00 class 0x040100 conventional PCI endpoint
sep 30 06:39:19 angel-VirtualBox kernel: pci 0000:00:05.0: BAR 0 [io  0xd100-0xd1ff]
sep 30 06:39:19 angel-VirtualBox kernel: pci 0000:00:05.0: BAR 1 [io  0xd200-0xd23f]
sep 30 06:39:19 angel-VirtualBox kernel: pci 0000:00:06.0: [106b:003f] type 00 class 0x0c0310 conventional PCI endpoint
sep 30 06:39:19 angel-VirtualBox kernel: pci 0000:00:06.0: BAR 0 [mem 0xf0804000-0xf0804fff]
sep 30 06:39:19 angel-VirtualBox kernel: pci 0000:00:07.0: [8086:7113] type 00 class 0x068000 conventional PCI endpoint
sep 30 06:39:19 angel-VirtualBox kernel: pci 0000:00:07.0: quirk: [io  0x4000-0x403f] claimed by PIIX4 ACPI
sep 30 06:39:19 angel-VirtualBox kernel: pci 0000:00:07.0: quirk: [io  0x4100-0x410f] claimed by PIIX4 SMB
sep 30 06:39:19 angel-VirtualBox kernel: pci 0000:00:0b.0: [8086:265c] type 00 class 0x0c0320 conventional PCI endpoint
sep 30 06:39:19 angel-VirtualBox kernel: pci 0000:00:0b.0: BAR 0 [mem 0xf0805000-0xf0805fff]
sep 30 06:39:19 angel-VirtualBox kernel: pci 0000:00:0d.0: [8086:2829] type 00 class 0x010601 conventional PCI endpoint
sep 30 06:39:19 angel-VirtualBox kernel: pci 0000:00:0d.0: BAR 0 [io  0xd240-0xd247]
sep 30 06:39:19 angel-VirtualBox kernel: pci 0000:00:0d.0: BAR 1 [io  0xd248-0xd24b]
sep 30 06:39:19 angel-VirtualBox kernel: pci 0000:00:0d.0: BAR 2 [io  0xd250-0xd257]
sep 30 06:39:19 angel-VirtualBox kernel: pci 0000:00:0d.0: BAR 3 [io  0xd258-0xd25b]
sep 30 06:39:19 angel-VirtualBox kernel: pci 0000:00:0d.0: BAR 4 [io  0xd260-0xd26f]
sep 30 06:39:19 angel-VirtualBox kernel: pci 0000:00:0d.0: BAR 5 [mem 0xf0806000-0xf0807fff]
sep 30 06:39:19 angel-VirtualBox kernel: ACPI: PCI: Interrupt link LNKA configured for IRQ 11
sep 30 06:39:19 angel-VirtualBox kernel: ACPI: PCI: Interrupt link LNKB configured for IRQ 10
sep 30 06:39:19 angel-VirtualBox kernel: ACPI: PCI: Interrupt link LNKC configured for IRQ 9
sep 30 06:39:19 angel-VirtualBox kernel: ACPI: PCI: Interrupt link LNKD configured for IRQ 11
sep 30 06:39:19 angel-VirtualBox kernel: iommu: Default domain type: Translated
sep 30 06:39:19 angel-VirtualBox kernel: iommu: DMA domain TLB invalidation policy: lazy mode
sep 30 06:39:19 angel-VirtualBox kernel: SCSI subsystem initialized
sep 30 06:39:19 angel-VirtualBox kernel: libata version 3.00 loaded.
sep 30 06:39:19 angel-VirtualBox kernel: ACPI: bus type USB registered
sep 30 06:39:19 angel-VirtualBox kernel: usbcore: registered new interface driver usbfs
sep 30 06:39:19 angel-VirtualBox kernel: usbcore: registered new interface driver hub
sep 30 06:39:19 angel-VirtualBox kernel: usbcore: registered new device driver usb
sep 30 06:39:19 angel-VirtualBox kernel: pps_core: LinuxPPS API ver. 1 registered
sep 30 06:39:19 angel-VirtualBox kernel: pps_core: Software ver. 5.3.6 - Copyright 2005-2007 Rodolfo Giometti <giometti@linux.it>
sep 30 06:39:19 angel-VirtualBox kernel: PTP clock support registered
sep 30 06:39:19 angel-VirtualBox kernel: EDAC MC: Ver: 3.0.0
sep 30 06:39:19 angel-VirtualBox kernel: NetLabel: Initializing
sep 30 06:39:19 angel-VirtualBox kernel: NetLabel:  domain hash size = 128
sep 30 06:39:19 angel-VirtualBox kernel: NetLabel:  protocols = UNLABELED CIPSOv4 CALIPSO
sep 30 06:39:19 angel-VirtualBox kernel: NetLabel:  unlabeled traffic allowed by default
sep 30 06:39:19 angel-VirtualBox kernel: mctp: management component transport protocol core
sep 30 06:39:19 angel-VirtualBox kernel: NET: Registered PF_MCTP protocol family
sep 30 06:39:19 angel-VirtualBox kernel: PCI: Using ACPI for IRQ routing
sep 30 06:39:19 angel-VirtualBox kernel: PCI: pci_cache_line_size set to 64 bytes
sep 30 06:39:19 angel-VirtualBox kernel: e820: reserve RAM buffer [mem 0x0009fc00-0x0009ffff]
sep 30 06:39:19 angel-VirtualBox kernel: e820: reserve RAM buffer [mem 0xdfff0000-0xdfffffff]
sep 30 06:39:19 angel-VirtualBox kernel: pci 0000:00:02.0: vgaarb: setting as boot VGA device
sep 30 06:39:19 angel-VirtualBox kernel: pci 0000:00:02.0: vgaarb: bridge control possible
sep 30 06:39:19 angel-VirtualBox kernel: pci 0000:00:02.0: vgaarb: VGA device added: decodes=io+mem,owns=io+mem,locks=none
sep 30 06:39:19 angel-VirtualBox kernel: vgaarb: loaded
sep 30 06:39:19 angel-VirtualBox kernel: clocksource: Switched to clocksource kvm-clock
sep 30 06:39:19 angel-VirtualBox kernel: VFS: Disk quotas dquot_6.6.0
sep 30 06:39:19 angel-VirtualBox kernel: VFS: Dquot-cache hash table entries: 512 (order 0, 4096 bytes)
sep 30 06:39:19 angel-VirtualBox kernel: AppArmor: AppArmor Filesystem Enabled
sep 30 06:39:19 angel-VirtualBox kernel: pnp: PnP ACPI init
sep 30 06:39:19 angel-VirtualBox kernel: pnp: PnP ACPI: found 2 devices
sep 30 06:39:19 angel-VirtualBox kernel: clocksource: acpi_pm: mask: 0xffffff max_cycles: 0xffffff, max_idle_ns: 2085701024 ns
sep 30 06:39:19 angel-VirtualBox kernel: NET: Registered PF_INET protocol family
sep 30 06:39:19 angel-VirtualBox kernel: IP idents hash table entries: 262144 (order: 9, 2097152 bytes, linear)
sep 30 06:39:19 angel-VirtualBox kernel: tcp_listen_portaddr_hash hash table entries: 8192 (order: 5, 131072 bytes, linear)
sep 30 06:39:19 angel-VirtualBox kernel: Table-perturb hash table entries: 65536 (order: 6, 262144 bytes, linear)
sep 30 06:39:19 angel-VirtualBox kernel: TCP established hash table entries: 131072 (order: 8, 1048576 bytes, linear)
sep 30 06:39:19 angel-VirtualBox kernel: TCP bind hash table entries: 65536 (order: 9, 2097152 bytes, linear)
sep 30 06:39:19 angel-VirtualBox kernel: TCP: Hash tables configured (established 131072 bind 65536)
sep 30 06:39:19 angel-VirtualBox kernel: MPTCP token hash table entries: 16384 (order: 6, 393216 bytes, linear)
sep 30 06:39:19 angel-VirtualBox kernel: UDP hash table entries: 8192 (order: 7, 524288 bytes, linear)
sep 30 06:39:19 angel-VirtualBox kernel: UDP-Lite hash table entries: 8192 (order: 7, 524288 bytes, linear)
sep 30 06:39:19 angel-VirtualBox kernel: NET: Registered PF_UNIX/PF_LOCAL protocol family
sep 30 06:39:19 angel-VirtualBox kernel: NET: Registered PF_XDP protocol family
sep 30 06:39:19 angel-VirtualBox kernel: pci_bus 0000:00: resource 4 [io  0x0000-0x0cf7 window]
sep 30 06:39:19 angel-VirtualBox kernel: pci_bus 0000:00: resource 5 [io  0x0d00-0xffff window]
sep 30 06:39:19 angel-VirtualBox kernel: pci_bus 0000:00: resource 6 [mem 0x000a0000-0x000bffff window]
sep 30 06:39:19 angel-VirtualBox kernel: pci_bus 0000:00: resource 7 [mem 0xe0000000-0xfdffffff window]
sep 30 06:39:19 angel-VirtualBox kernel: pci 0000:00:00.0: Limiting direct PCI/PCI transfers
sep 30 06:39:19 angel-VirtualBox kernel: PCI: CLS 0 bytes, default 64
sep 30 06:39:19 angel-VirtualBox kernel: Trying to unpack rootfs image as initramfs...
sep 30 06:39:19 angel-VirtualBox kernel: PCI-DMA: Using software bounce buffering for IO (SWIOTLB)
sep 30 06:39:19 angel-VirtualBox kernel: software IO TLB: mapped [mem 0x00000000dbff0000-0x00000000dfff0000] (64MB)
sep 30 06:39:19 angel-VirtualBox kernel: clocksource: tsc: mask: 0xffffffffffffffff max_cycles: 0x228769a36e3, max_idle_ns: 440795273478 ns
sep 30 06:39:19 angel-VirtualBox kernel: clocksource: Switched to clocksource tsc
sep 30 06:39:19 angel-VirtualBox kernel: platform rtc_cmos: registered platform RTC device (no PNP device found)
sep 30 06:39:19 angel-VirtualBox kernel: Initialise system trusted keyrings
sep 30 06:39:19 angel-VirtualBox kernel: Key type blacklist registered
sep 30 06:39:19 angel-VirtualBox kernel: workingset: timestamp_bits=36 max_order=22 bucket_order=0
sep 30 06:39:19 angel-VirtualBox kernel: zbud: loaded
sep 30 06:39:19 angel-VirtualBox kernel: squashfs: version 4.0 (2009/01/31) Phillip Lougher
sep 30 06:39:19 angel-VirtualBox kernel: fuse: init (API version 7.42)
sep 30 06:39:19 angel-VirtualBox kernel: integrity: Platform Keyring initialized
sep 30 06:39:19 angel-VirtualBox kernel: integrity: Machine keyring initialized
sep 30 06:39:19 angel-VirtualBox kernel: Key type asymmetric registered
sep 30 06:39:19 angel-VirtualBox kernel: Asymmetric key parser 'x509' registered
sep 30 06:39:19 angel-VirtualBox kernel: Block layer SCSI generic (bsg) driver version 0.4 loaded (major 243)
sep 30 06:39:19 angel-VirtualBox kernel: io scheduler mq-deadline registered
sep 30 06:39:19 angel-VirtualBox kernel: ledtrig-cpu: registered to indicate activity on CPUs
sep 30 06:39:19 angel-VirtualBox kernel: shpchp: Standard Hot Plug PCI Controller Driver version: 0.4
sep 30 06:39:19 angel-VirtualBox kernel: ACPI: AC: AC Adapter [AC] (on-line)
sep 30 06:39:19 angel-VirtualBox kernel: input: Power Button as /devices/LNXSYSTM:00/LNXPWRBN:00/input/input0
sep 30 06:39:19 angel-VirtualBox kernel: ACPI: button: Power Button [PWRF]
sep 30 06:39:19 angel-VirtualBox kernel: input: Sleep Button as /devices/LNXSYSTM:00/LNXSLPBN:00/input/input1
sep 30 06:39:19 angel-VirtualBox kernel: ACPI: button: Sleep Button [SLPF]
sep 30 06:39:19 angel-VirtualBox kernel: Serial: 8250/16550 driver, 32 ports, IRQ sharing enabled
sep 30 06:39:19 angel-VirtualBox kernel: ACPI: battery: Slot [BAT0] (battery present)
sep 30 06:39:19 angel-VirtualBox kernel: Linux agpgart interface v0.103
sep 30 06:39:19 angel-VirtualBox kernel: loop: module loaded
sep 30 06:39:19 angel-VirtualBox kernel: ata_piix 0000:00:01.1: version 2.13
sep 30 06:39:19 angel-VirtualBox kernel: scsi host0: ata_piix
sep 30 06:39:19 angel-VirtualBox kernel: scsi host1: ata_piix
sep 30 06:39:19 angel-VirtualBox kernel: ata1: PATA max UDMA/33 cmd 0x1f0 ctl 0x3f6 bmdma 0xd000 irq 14 lpm-pol 0
sep 30 06:39:19 angel-VirtualBox kernel: ata2: PATA max UDMA/33 cmd 0x170 ctl 0x376 bmdma 0xd008 irq 15 lpm-pol 0
sep 30 06:39:19 angel-VirtualBox kernel: ACPI: bus type drm_connector registered
sep 30 06:39:19 angel-VirtualBox kernel: tun: Universal TUN/TAP device driver, 1.6
sep 30 06:39:19 angel-VirtualBox kernel: PPP generic driver version 2.4.2
sep 30 06:39:19 angel-VirtualBox kernel: ohci-pci 0000:00:06.0: OHCI PCI host controller
sep 30 06:39:19 angel-VirtualBox kernel: ohci-pci 0000:00:06.0: new USB bus registered, assigned bus number 1
sep 30 06:39:19 angel-VirtualBox kernel: ohci-pci 0000:00:06.0: irq 22, io mem 0xf0804000
sep 30 06:39:19 angel-VirtualBox kernel: usb usb1: New USB device found, idVendor=1d6b, idProduct=0001, bcdDevice= 6.14
sep 30 06:39:19 angel-VirtualBox kernel: usb usb1: New USB device strings: Mfr=3, Product=2, SerialNumber=1
sep 30 06:39:19 angel-VirtualBox kernel: usb usb1: Product: OHCI PCI host controller
sep 30 06:39:19 angel-VirtualBox kernel: usb usb1: Manufacturer: Linux 6.14.0-29-generic ohci_hcd
sep 30 06:39:19 angel-VirtualBox kernel: usb usb1: SerialNumber: 0000:00:06.0
sep 30 06:39:19 angel-VirtualBox kernel: hub 1-0:1.0: USB hub found
sep 30 06:39:19 angel-VirtualBox kernel: hub 1-0:1.0: 12 ports detected
sep 30 06:39:19 angel-VirtualBox kernel: i8042: PNP: PS/2 Controller [PNP0303:PS2K,PNP0f03:PS2M] at 0x60,0x64 irq 1,12
sep 30 06:39:19 angel-VirtualBox kernel: ehci-pci 0000:00:0b.0: EHCI Host Controller
sep 30 06:39:19 angel-VirtualBox kernel: ehci-pci 0000:00:0b.0: new USB bus registered, assigned bus number 2
sep 30 06:39:19 angel-VirtualBox kernel: ehci-pci 0000:00:0b.0: irq 19, io mem 0xf0805000
sep 30 06:39:19 angel-VirtualBox kernel: serio: i8042 KBD port at 0x60,0x64 irq 1
sep 30 06:39:19 angel-VirtualBox kernel: serio: i8042 AUX port at 0x60,0x64 irq 12
sep 30 06:39:19 angel-VirtualBox kernel: mousedev: PS/2 mouse device common for all mice
sep 30 06:39:19 angel-VirtualBox kernel: input: AT Translated Set 2 keyboard as /devices/platform/i8042/serio0/input/input2
sep 30 06:39:19 angel-VirtualBox kernel: rtc_cmos rtc_cmos: registered as rtc0
sep 30 06:39:19 angel-VirtualBox kernel: rtc_cmos rtc_cmos: setting system clock to 2025-09-30T12:39:15 UTC (1759235955)
sep 30 06:39:19 angel-VirtualBox kernel: rtc_cmos rtc_cmos: alarms up to one day, 114 bytes nvram
sep 30 06:39:19 angel-VirtualBox kernel: i2c_dev: i2c /dev entries driver
sep 30 06:39:19 angel-VirtualBox kernel: device-mapper: core: CONFIG_IMA_DISABLE_HTABLE is disabled. Duplicate IMA measurements will not be recorded in the IMA log.
sep 30 06:39:19 angel-VirtualBox kernel: device-mapper: uevent: version 1.0.3
sep 30 06:39:19 angel-VirtualBox kernel: device-mapper: ioctl: 4.49.0-ioctl (2025-01-17) initialised: dm-devel@lists.linux.dev
sep 30 06:39:19 angel-VirtualBox kernel: amd_pstate: The CPPC feature is supported but currently disabled by the BIOS.
                                        Please enable it if your BIOS has the CPPC option.
sep 30 06:39:19 angel-VirtualBox kernel: amd_pstate: the _CPC object is not present in SBIOS or ACPI disabled
sep 30 06:39:19 angel-VirtualBox kernel: drop_monitor: Initializing network drop monitor service
sep 30 06:39:19 angel-VirtualBox kernel: NET: Registered PF_INET6 protocol family
sep 30 06:39:19 angel-VirtualBox kernel: ehci-pci 0000:00:0b.0: USB 2.0 started, EHCI 1.00
sep 30 06:39:19 angel-VirtualBox kernel: usb usb2: New USB device found, idVendor=1d6b, idProduct=0002, bcdDevice= 6.14
sep 30 06:39:19 angel-VirtualBox kernel: usb usb2: New USB device strings: Mfr=3, Product=2, SerialNumber=1
sep 30 06:39:19 angel-VirtualBox kernel: usb usb2: Product: EHCI Host Controller
sep 30 06:39:19 angel-VirtualBox kernel: usb usb2: Manufacturer: Linux 6.14.0-29-generic ehci_hcd
sep 30 06:39:19 angel-VirtualBox kernel: usb usb2: SerialNumber: 0000:00:0b.0
sep 30 06:39:19 angel-VirtualBox kernel: hub 2-0:1.0: USB hub found
sep 30 06:39:19 angel-VirtualBox kernel: hub 2-0:1.0: 12 ports detected
sep 30 06:39:19 angel-VirtualBox kernel: ata1.00: ATAPI: VBOX CD-ROM, 1.0, max UDMA/133
sep 30 06:39:19 angel-VirtualBox kernel: scsi 0:0:0:0: CD-ROM            VBOX     CD-ROM           1.0  PQ: 0 ANSI: 5
sep 30 06:39:19 angel-VirtualBox kernel: sr 0:0:0:0: [sr0] scsi3-mmc drive: 32x/32x xa/form2 tray
sep 30 06:39:19 angel-VirtualBox kernel: cdrom: Uniform CD-ROM driver Revision: 3.20
sep 30 06:39:19 angel-VirtualBox kernel: sr 0:0:0:0: Attached scsi CD-ROM sr0
sep 30 06:39:19 angel-VirtualBox kernel: sr 0:0:0:0: Attached scsi generic sg0 type 5
sep 30 06:39:19 angel-VirtualBox kernel: usb 1-1: new full-speed USB device number 2 using ohci-pci
sep 30 06:39:19 angel-VirtualBox kernel: Freeing initrd memory: 71088K
sep 30 06:39:19 angel-VirtualBox kernel: Segment Routing with IPv6
sep 30 06:39:19 angel-VirtualBox kernel: In-situ OAM (IOAM) with IPv6
sep 30 06:39:19 angel-VirtualBox kernel: NET: Registered PF_PACKET protocol family
sep 30 06:39:19 angel-VirtualBox kernel: Key type dns_resolver registered
sep 30 06:39:19 angel-VirtualBox kernel: IPI shorthand broadcast: enabled
sep 30 06:39:19 angel-VirtualBox kernel: sched_clock: Marking stable (1928053821, 47421745)->(2008546761, -33071195)
sep 30 06:39:19 angel-VirtualBox kernel: registered taskstats version 1
sep 30 06:39:19 angel-VirtualBox kernel: Loading compiled-in X.509 certificates
sep 30 06:39:19 angel-VirtualBox kernel: Loaded X.509 cert 'Build time autogenerated kernel key: 84a77c074d7c6dd17d2f8174ff424123ea4db0a8'
sep 30 06:39:19 angel-VirtualBox kernel: Loaded X.509 cert 'Canonical Ltd. Live Patch Signing 2025 Kmod: d541cef61dc7e793b7eb7e899970a2eef0b5dc8c'
sep 30 06:39:19 angel-VirtualBox kernel: Loaded X.509 cert 'Canonical Ltd. Live Patch Signing: 14df34d1a87cf37625abec039ef2bf521249b969'
sep 30 06:39:19 angel-VirtualBox kernel: Loaded X.509 cert 'Canonical Ltd. Kernel Module Signing: 88f752e560a1e0737e31163a466ad7b70a850c19'
sep 30 06:39:19 angel-VirtualBox kernel: blacklist: Loading compiled-in revocation X.509 certificates
sep 30 06:39:19 angel-VirtualBox kernel: Loaded X.509 cert 'Canonical Ltd. Secure Boot Signing: 61482aa2830d0ab2ad5af10b7250da9033ddcef0'
sep 30 06:39:19 angel-VirtualBox kernel: Loaded X.509 cert 'Canonical Ltd. Secure Boot Signing (2017): 242ade75ac4a15e50d50c84b0d45ff3eae707a03'
sep 30 06:39:19 angel-VirtualBox kernel: Loaded X.509 cert 'Canonical Ltd. Secure Boot Signing (ESM 2018): 365188c1d374d6b07c3c8f240f8ef722433d6a8b'
sep 30 06:39:19 angel-VirtualBox kernel: Loaded X.509 cert 'Canonical Ltd. Secure Boot Signing (2019): c0746fd6c5da3ae827864651ad66ae47fe24b3e8'
sep 30 06:39:19 angel-VirtualBox kernel: Loaded X.509 cert 'Canonical Ltd. Secure Boot Signing (2021 v1): a8d54bbb3825cfb94fa13c9f8a594a195c107b8d'
sep 30 06:39:19 angel-VirtualBox kernel: Loaded X.509 cert 'Canonical Ltd. Secure Boot Signing (2021 v2): 4cf046892d6fd3c9a5b03f98d845f90851dc6a8c'
sep 30 06:39:19 angel-VirtualBox kernel: Loaded X.509 cert 'Canonical Ltd. Secure Boot Signing (2021 v3): 100437bb6de6e469b581e61cd66bce3ef4ed53af'
sep 30 06:39:19 angel-VirtualBox kernel: Loaded X.509 cert 'Canonical Ltd. Secure Boot Signing (Ubuntu Core 2019): c1d57b8f6b743f23ee41f4f7ee292f06eecadfb9'
sep 30 06:39:19 angel-VirtualBox kernel: Demotion targets for Node 0: null
sep 30 06:39:19 angel-VirtualBox kernel: Key type .fscrypt registered
sep 30 06:39:19 angel-VirtualBox kernel: Key type fscrypt-provisioning registered
sep 30 06:39:19 angel-VirtualBox kernel: Key type encrypted registered
sep 30 06:39:19 angel-VirtualBox kernel: AppArmor: AppArmor sha256 policy hashing enabled
sep 30 06:39:19 angel-VirtualBox kernel: ima: No TPM chip found, activating TPM-bypass!
sep 30 06:39:19 angel-VirtualBox kernel: Loading compiled-in module X.509 certificates
sep 30 06:39:19 angel-VirtualBox kernel: Loaded X.509 cert 'Build time autogenerated kernel key: 84a77c074d7c6dd17d2f8174ff424123ea4db0a8'
sep 30 06:39:19 angel-VirtualBox kernel: ima: Allocated hash algorithm: sha256
sep 30 06:39:19 angel-VirtualBox kernel: ima: No architecture policies found
sep 30 06:39:19 angel-VirtualBox kernel: evm: Initialising EVM extended attributes:
sep 30 06:39:19 angel-VirtualBox kernel: evm: security.selinux
sep 30 06:39:19 angel-VirtualBox kernel: evm: security.SMACK64
sep 30 06:39:19 angel-VirtualBox kernel: evm: security.SMACK64EXEC
sep 30 06:39:19 angel-VirtualBox kernel: evm: security.SMACK64TRANSMUTE
sep 30 06:39:19 angel-VirtualBox kernel: evm: security.SMACK64MMAP
sep 30 06:39:19 angel-VirtualBox kernel: evm: security.apparmor
sep 30 06:39:19 angel-VirtualBox kernel: evm: security.ima
sep 30 06:39:19 angel-VirtualBox kernel: evm: security.capability
sep 30 06:39:19 angel-VirtualBox kernel: evm: HMAC attrs: 0x1
sep 30 06:39:19 angel-VirtualBox kernel: PM:   Magic number: 9:678:684
sep 30 06:39:19 angel-VirtualBox kernel: mem full: hash matches
sep 30 06:39:19 angel-VirtualBox kernel: RAS: Correctable Errors collector initialized.
sep 30 06:39:19 angel-VirtualBox kernel: clk: Disabling unused clocks
sep 30 06:39:19 angel-VirtualBox kernel: PM: genpd: Disabling unused power domains
sep 30 06:39:19 angel-VirtualBox kernel: Freeing unused decrypted memory: 2028K
sep 30 06:39:19 angel-VirtualBox kernel: Freeing unused kernel image (initmem) memory: 5132K
sep 30 06:39:19 angel-VirtualBox kernel: Write protecting the kernel read-only data: 38912k
sep 30 06:39:19 angel-VirtualBox kernel: Freeing unused kernel image (text/rodata gap) memory: 1080K
sep 30 06:39:19 angel-VirtualBox kernel: Freeing unused kernel image (rodata/data gap) memory: 1332K
sep 30 06:39:19 angel-VirtualBox kernel: x86/mm: Checked W+X mappings: passed, no W+X pages found.
sep 30 06:39:19 angel-VirtualBox kernel: Run /init as init process
sep 30 06:39:19 angel-VirtualBox kernel:   with arguments:
sep 30 06:39:19 angel-VirtualBox kernel:     /init
sep 30 06:39:19 angel-VirtualBox kernel:     splash
sep 30 06:39:19 angel-VirtualBox kernel:   with environment:
sep 30 06:39:19 angel-VirtualBox kernel:     HOME=/
sep 30 06:39:19 angel-VirtualBox kernel:     TERM=linux
sep 30 06:39:19 angel-VirtualBox kernel:     BOOT_IMAGE=/boot/vmlinuz-6.14.0-29-generic
sep 30 06:39:19 angel-VirtualBox kernel: usb 1-1: New USB device found, idVendor=80ee, idProduct=0021, bcdDevice= 1.00
sep 30 06:39:19 angel-VirtualBox kernel: usb 1-1: New USB device strings: Mfr=1, Product=3, SerialNumber=0
sep 30 06:39:19 angel-VirtualBox kernel: usb 1-1: Product: USB Tablet
sep 30 06:39:19 angel-VirtualBox kernel: usb 1-1: Manufacturer: VirtualBox
sep 30 06:39:19 angel-VirtualBox kernel: hid: raw HID events driver (C) Jiri Kosina
sep 30 06:39:19 angel-VirtualBox kernel: usbcore: registered new interface driver usbhid
sep 30 06:39:19 angel-VirtualBox kernel: usbhid: USB HID core driver
sep 30 06:39:19 angel-VirtualBox kernel: input: VirtualBox USB Tablet as /devices/pci0000:00/0000:00:06.0/usb1/1-1/1-1:1.0/0003:80EE:0021.0001/input/input4
sep 30 06:39:19 angel-VirtualBox kernel: hid-generic 0003:80EE:0021.0001: input,hidraw0: USB HID v1.10 Mouse [VirtualBox USB Tablet] on usb-0000:00:06.0-1/input0
sep 30 06:39:19 angel-VirtualBox kernel: ahci 0000:00:0d.0: version 3.0
sep 30 06:39:19 angel-VirtualBox kernel: e1000: Intel(R) PRO/1000 Network Driver
sep 30 06:39:19 angel-VirtualBox kernel: e1000: Copyright (c) 1999-2006 Intel Corporation.
sep 30 06:39:19 angel-VirtualBox kernel: ahci 0000:00:0d.0: SSS flag set, parallel bus scan disabled
sep 30 06:39:19 angel-VirtualBox kernel: ahci 0000:00:0d.0: AHCI vers 0001.0100, 32 command slots, 3 Gbps, SATA mode
sep 30 06:39:19 angel-VirtualBox kernel: ahci 0000:00:0d.0: 1/1 ports implemented (port mask 0x1)
sep 30 06:39:19 angel-VirtualBox kernel: ahci 0000:00:0d.0: flags: 64bit ncq stag only ccc 
sep 30 06:39:19 angel-VirtualBox kernel: ACPI: video: Video Device [GFX0] (multi-head: yes  rom: no  post: no)
sep 30 06:39:19 angel-VirtualBox kernel: input: Video Bus as /devices/LNXSYSTM:00/LNXSYBUS:00/PNP0A03:00/LNXVIDEO:00/input/input6
sep 30 06:39:19 angel-VirtualBox kernel: scsi host2: ahci
sep 30 06:39:19 angel-VirtualBox kernel: ata3: SATA max UDMA/133 abar m8192@0xf0806000 port 0xf0806100 irq 21 lpm-pol 0
sep 30 06:39:19 angel-VirtualBox kernel: input: ImExPS/2 Generic Explorer Mouse as /devices/platform/i8042/serio1/input/input5
sep 30 06:39:19 angel-VirtualBox kernel: ata3: SATA link up 3.0 Gbps (SStatus 123 SControl 300)
sep 30 06:39:19 angel-VirtualBox kernel: ata3.00: ATA-6: VBOX HARDDISK, 1.0, max UDMA/133
sep 30 06:39:19 angel-VirtualBox kernel: ata3.00: 52428800 sectors, multi 128: LBA48 NCQ (depth 32)
sep 30 06:39:19 angel-VirtualBox kernel: ata3.00: configured for UDMA/133
sep 30 06:39:19 angel-VirtualBox kernel: scsi 2:0:0:0: Direct-Access     ATA      VBOX HARDDISK    1.0  PQ: 0 ANSI: 5
sep 30 06:39:19 angel-VirtualBox kernel: scsi 2:0:0:0: Attached scsi generic sg1 type 0
sep 30 06:39:19 angel-VirtualBox kernel: sd 2:0:0:0: [sda] 52428800 512-byte logical blocks: (26.8 GB/25.0 GiB)
sep 30 06:39:19 angel-VirtualBox kernel: sd 2:0:0:0: [sda] Write Protect is off
sep 30 06:39:19 angel-VirtualBox kernel: sd 2:0:0:0: [sda] Mode Sense: 00 3a 00 00
sep 30 06:39:19 angel-VirtualBox kernel: sd 2:0:0:0: [sda] Write cache: enabled, read cache: enabled, doesn't support DPO or FUA
sep 30 06:39:19 angel-VirtualBox kernel: sd 2:0:0:0: [sda] Preferred minimum I/O size 512 bytes
sep 30 06:39:19 angel-VirtualBox kernel:  sda: sda1 sda2
sep 30 06:39:19 angel-VirtualBox kernel: sd 2:0:0:0: [sda] Attached SCSI disk
sep 30 06:39:19 angel-VirtualBox kernel: e1000 0000:00:03.0 eth0: (PCI:33MHz:32-bit) 08:00:27:4a:79:6b
sep 30 06:39:19 angel-VirtualBox kernel: e1000 0000:00:03.0 eth0: Intel(R) PRO/1000 Network Connection
sep 30 06:39:19 angel-VirtualBox kernel: e1000 0000:00:03.0 enp0s3: renamed from eth0
sep 30 06:39:19 angel-VirtualBox kernel: EXT4-fs (sda2): mounted filesystem d6c1ba1b-4554-4ae7-a43b-bcca6544d49c ro with ordered data mode. Quota mode: none.
sep 30 06:39:19 angel-VirtualBox systemd[1]: Inserted module 'autofs4'
sep 30 06:39:19 angel-VirtualBox systemd[1]: systemd 255.4-1ubuntu8.10 running in system mode (+PAM +AUDIT +SELINUX +APPARMOR +IMA +SMACK +SECCOMP +GCRYPT -GNUTLS +OPENSSL +ACL +BLKID +CURL +ELFUTILS +FIDO2 +IDN2 -IDN +IPTC +KMOD +LIBCRYPTSETUP +LIBFDISK +PCRE2 -PWQUALITY +P11KIT +QRENCODE +TPM2 +BZIP2 +LZ4 +XZ +ZLIB +ZSTD -BPF_FRAMEWORK -XKBCOMMON +UTMP +SYSVINIT default-hierarchy=unified)
sep 30 06:39:19 angel-VirtualBox systemd[1]: Detected virtualization oracle.
sep 30 06:39:19 angel-VirtualBox systemd[1]: Detected architecture x86-64.
sep 30 06:39:19 angel-VirtualBox systemd[1]: Hostname set to <angel-VirtualBox>.
sep 30 06:39:19 angel-VirtualBox systemd[1]: Queued start job for default target graphical.target.
sep 30 06:39:19 angel-VirtualBox systemd[1]: Created slice system-modprobe.slice - Slice /system/modprobe.
sep 30 06:39:19 angel-VirtualBox systemd[1]: Created slice user.slice - User and Session Slice.
sep 30 06:39:19 angel-VirtualBox systemd[1]: Started systemd-ask-password-wall.path - Forward Password Requests to Wall Directory Watch.
sep 30 06:39:19 angel-VirtualBox systemd[1]: Set up automount proc-sys-fs-binfmt_misc.automount - Arbitrary Executable File Formats File System Automount Point.
sep 30 06:39:19 angel-VirtualBox systemd[1]: Reached target integritysetup.target - Local Integrity Protected Volumes.
sep 30 06:39:19 angel-VirtualBox systemd[1]: Reached target remote-fs.target - Remote File Systems.
sep 30 06:39:19 angel-VirtualBox systemd[1]: Reached target slices.target - Slice Units.
sep 30 06:39:19 angel-VirtualBox systemd[1]: Reached target snapd.mounts-pre.target - Mounting snaps.
sep 30 06:39:19 angel-VirtualBox systemd[1]: Reached target veritysetup.target - Local Verity Protected Volumes.
sep 30 06:39:19 angel-VirtualBox systemd[1]: Listening on syslog.socket - Syslog Socket.
sep 30 06:39:19 angel-VirtualBox systemd[1]: Listening on systemd-fsckd.socket - fsck to fsckd communication Socket.
sep 30 06:39:19 angel-VirtualBox systemd[1]: Listening on systemd-initctl.socket - initctl Compatibility Named Pipe.
sep 30 06:39:19 angel-VirtualBox systemd[1]: Listening on systemd-journald-dev-log.socket - Journal Socket (/dev/log).
sep 30 06:39:19 angel-VirtualBox systemd[1]: Listening on systemd-journald.socket - Journal Socket.
sep 30 06:39:19 angel-VirtualBox systemd[1]: Listening on systemd-oomd.socket - Userspace Out-Of-Memory (OOM) Killer Socket.
sep 30 06:39:19 angel-VirtualBox systemd[1]: systemd-pcrextend.socket - TPM2 PCR Extension (Varlink) was skipped because of an unmet condition check (ConditionSecurity=measured-uki).
sep 30 06:39:19 angel-VirtualBox systemd[1]: Listening on systemd-udevd-control.socket - udev Control Socket.
sep 30 06:39:19 angel-VirtualBox systemd[1]: Listening on systemd-udevd-kernel.socket - udev Kernel Socket.
sep 30 06:39:19 angel-VirtualBox systemd[1]: Mounting dev-hugepages.mount - Huge Pages File System...
sep 30 06:39:19 angel-VirtualBox systemd[1]: Mounting dev-mqueue.mount - POSIX Message Queue File System...
sep 30 06:39:19 angel-VirtualBox systemd[1]: Mounting sys-kernel-debug.mount - Kernel Debug File System...
sep 30 06:39:19 angel-VirtualBox systemd[1]: Mounting sys-kernel-tracing.mount - Kernel Trace File System...
sep 30 06:39:19 angel-VirtualBox systemd[1]: Starting systemd-journald.service - Journal Service...
sep 30 06:39:19 angel-VirtualBox systemd[1]: Starting keyboard-setup.service - Set the console keyboard layout...
sep 30 06:39:19 angel-VirtualBox systemd[1]: Starting kmod-static-nodes.service - Create List of Static Device Nodes...
sep 30 06:39:19 angel-VirtualBox systemd[1]: Starting modprobe@configfs.service - Load Kernel Module configfs...
sep 30 06:39:19 angel-VirtualBox systemd[1]: Starting modprobe@dm_mod.service - Load Kernel Module dm_mod...
sep 30 06:39:19 angel-VirtualBox systemd-journald[230]: Collecting audit messages is disabled.
sep 30 06:39:19 angel-VirtualBox systemd[1]: Starting modprobe@drm.service - Load Kernel Module drm...
sep 30 06:39:19 angel-VirtualBox systemd[1]: Starting modprobe@efi_pstore.service - Load Kernel Module efi_pstore...
sep 30 06:39:19 angel-VirtualBox systemd[1]: Starting modprobe@fuse.service - Load Kernel Module fuse...
sep 30 06:39:19 angel-VirtualBox systemd[1]: Starting modprobe@loop.service - Load Kernel Module loop...
sep 30 06:39:19 angel-VirtualBox systemd[1]: systemd-fsck-root.service - File System Check on Root Device was skipped because of an unmet condition check (ConditionPathExists=!/run/initramfs/fsck-root).
sep 30 06:39:19 angel-VirtualBox systemd-journald[230]: Journal started
sep 30 06:39:19 angel-VirtualBox systemd-journald[230]: Runtime Journal (/run/log/journal/701f0843c16049e2a71df60f96afb4c1) is 8.0M, max 98.8M, 90.8M free.
sep 30 06:39:19 angel-VirtualBox systemd[1]: Starting systemd-modules-load.service - Load Kernel Modules...
sep 30 06:39:19 angel-VirtualBox systemd[1]: systemd-pcrmachine.service - TPM2 PCR Machine ID Measurement was skipped because of an unmet condition check (ConditionSecurity=measured-uki).
sep 30 06:39:19 angel-VirtualBox systemd[1]: Starting systemd-remount-fs.service - Remount Root and Kernel File Systems...
sep 30 06:39:19 angel-VirtualBox systemd[1]: systemd-tpm2-setup-early.service - TPM2 SRK Setup (Early) was skipped because of an unmet condition check (ConditionSecurity=measured-uki).
sep 30 06:39:19 angel-VirtualBox systemd[1]: Starting systemd-udev-trigger.service - Coldplug All udev Devices...
sep 30 06:39:19 angel-VirtualBox systemd[1]: Started systemd-journald.service - Journal Service.
sep 30 06:39:19 angel-VirtualBox systemd[1]: Mounted dev-hugepages.mount - Huge Pages File System.
sep 30 06:39:19 angel-VirtualBox systemd[1]: Mounted dev-mqueue.mount - POSIX Message Queue File System.
sep 30 06:39:19 angel-VirtualBox systemd[1]: Mounted sys-kernel-debug.mount - Kernel Debug File System.
sep 30 06:39:19 angel-VirtualBox systemd[1]: Mounted sys-kernel-tracing.mount - Kernel Trace File System.
sep 30 06:39:19 angel-VirtualBox systemd[1]: Finished kmod-static-nodes.service - Create List of Static Device Nodes.
sep 30 06:39:19 angel-VirtualBox systemd[1]: modprobe@configfs.service: Deactivated successfully.
sep 30 06:39:19 angel-VirtualBox systemd[1]: Finished modprobe@configfs.service - Load Kernel Module configfs.
sep 30 06:39:19 angel-VirtualBox systemd[1]: modprobe@dm_mod.service: Deactivated successfully.
sep 30 06:39:19 angel-VirtualBox systemd[1]: Finished modprobe@dm_mod.service - Load Kernel Module dm_mod.
sep 30 06:39:19 angel-VirtualBox systemd[1]: modprobe@drm.service: Deactivated successfully.
sep 30 06:39:19 angel-VirtualBox systemd[1]: Finished modprobe@drm.service - Load Kernel Module drm.
sep 30 06:39:19 angel-VirtualBox systemd[1]: modprobe@efi_pstore.service: Deactivated successfully.
sep 30 06:39:19 angel-VirtualBox systemd[1]: Finished modprobe@efi_pstore.service - Load Kernel Module efi_pstore.
sep 30 06:39:19 angel-VirtualBox systemd[1]: modprobe@fuse.service: Deactivated successfully.
sep 30 06:39:19 angel-VirtualBox systemd[1]: Finished modprobe@fuse.service - Load Kernel Module fuse.
sep 30 06:39:19 angel-VirtualBox systemd[1]: modprobe@loop.service: Deactivated successfully.
sep 30 06:39:19 angel-VirtualBox systemd[1]: Finished modprobe@loop.service - Load Kernel Module loop.
sep 30 06:39:19 angel-VirtualBox kernel: EXT4-fs (sda2): re-mounted d6c1ba1b-4554-4ae7-a43b-bcca6544d49c r/w. Quota mode: none.
sep 30 06:39:19 angel-VirtualBox systemd[1]: Mounting sys-fs-fuse-connections.mount - FUSE Control File System...
sep 30 06:39:19 angel-VirtualBox kernel: lp: driver loaded but no devices found
sep 30 06:39:19 angel-VirtualBox systemd-modules-load[240]: Inserted module 'lp'
sep 30 06:39:19 angel-VirtualBox kernel: ppdev: user-space parallel port driver
sep 30 06:39:19 angel-VirtualBox systemd-modules-load[240]: Inserted module 'ppdev'
sep 30 06:39:19 angel-VirtualBox systemd[1]: Mounting sys-kernel-config.mount - Kernel Configuration File System...
sep 30 06:39:19 angel-VirtualBox systemd[1]: systemd-repart.service - Repartition Root Disk was skipped because no trigger condition checks were met.
sep 30 06:39:19 angel-VirtualBox systemd[1]: Starting systemd-tmpfiles-setup-dev-early.service - Create Static Device Nodes in /dev gracefully...
sep 30 06:39:19 angel-VirtualBox systemd-modules-load[240]: Inserted module 'parport_pc'
sep 30 06:39:19 angel-VirtualBox systemd-modules-load[240]: Inserted module 'msr'
sep 30 06:39:19 angel-VirtualBox systemd[1]: Finished keyboard-setup.service - Set the console keyboard layout.
sep 30 06:39:19 angel-VirtualBox systemd[1]: Finished systemd-modules-load.service - Load Kernel Modules.
sep 30 06:39:19 angel-VirtualBox systemd[1]: Finished systemd-remount-fs.service - Remount Root and Kernel File Systems.
sep 30 06:39:19 angel-VirtualBox systemd[1]: Mounted sys-fs-fuse-connections.mount - FUSE Control File System.
sep 30 06:39:19 angel-VirtualBox systemd[1]: Mounted sys-kernel-config.mount - Kernel Configuration File System.
sep 30 06:39:19 angel-VirtualBox systemd[1]: Activating swap swap.img.swap - /swap.img...
sep 30 06:39:19 angel-VirtualBox systemd[1]: systemd-hwdb-update.service - Rebuild Hardware Database was skipped because of an unmet condition check (ConditionNeedsUpdate=/etc).
sep 30 06:39:19 angel-VirtualBox systemd[1]: Starting systemd-journal-flush.service - Flush Journal to Persistent Storage...
sep 30 06:39:19 angel-VirtualBox systemd[1]: systemd-pstore.service - Platform Persistent Storage Archival was skipped because of an unmet condition check (ConditionDirectoryNotEmpty=/sys/fs/pstore).
sep 30 06:39:19 angel-VirtualBox kernel: Adding 4194300k swap on /swap.img.  Priority:-2 extents:3 across:9306108k 
sep 30 06:39:19 angel-VirtualBox systemd[1]: Starting systemd-random-seed.service - Load/Save OS Random Seed...
sep 30 06:39:19 angel-VirtualBox systemd[1]: Starting systemd-sysctl.service - Apply Kernel Variables...
sep 30 06:39:19 angel-VirtualBox systemd[1]: systemd-tpm2-setup.service - TPM2 SRK Setup was skipped because of an unmet condition check (ConditionSecurity=measured-uki).
sep 30 06:39:19 angel-VirtualBox systemd[1]: Activated swap swap.img.swap - /swap.img.
sep 30 06:39:19 angel-VirtualBox systemd[1]: Reached target swap.target - Swaps.
sep 30 06:39:19 angel-VirtualBox systemd-journald[230]: Time spent on flushing to /var/log/journal/701f0843c16049e2a71df60f96afb4c1 is 131.276ms for 572 entries.
sep 30 06:39:19 angel-VirtualBox systemd-journald[230]: System Journal (/var/log/journal/701f0843c16049e2a71df60f96afb4c1) is 118.9M, max 2.4G, 2.3G free.
sep 30 06:39:19 angel-VirtualBox systemd-journald[230]: Received client request to flush runtime journal.
sep 30 06:39:19 angel-VirtualBox systemd-journald[230]: /var/log/journal/701f0843c16049e2a71df60f96afb4c1/system.journal: Journal file uses a different sequence number ID, rotating.
sep 30 06:39:19 angel-VirtualBox systemd-journald[230]: Rotating system journal.
sep 30 06:39:19 angel-VirtualBox kernel: loop0: detected capacity change from 0 to 8
sep 30 06:39:19 angel-VirtualBox kernel: loop1: detected capacity change from 0 to 151392
sep 30 06:39:19 angel-VirtualBox kernel: loop2: detected capacity change from 0 to 151376
sep 30 06:39:19 angel-VirtualBox kernel: loop3: detected capacity change from 0 to 506040
sep 30 06:39:19 angel-VirtualBox kernel: loop4: detected capacity change from 0 to 502024
sep 30 06:39:19 angel-VirtualBox systemd[1]: Finished systemd-tmpfiles-setup-dev-early.service - Create Static Device Nodes in /dev gracefully.
sep 30 06:39:19 angel-VirtualBox systemd[1]: systemd-sysusers.service - Create System Users was skipped because no trigger condition checks were met.
sep 30 06:39:19 angel-VirtualBox systemd[1]: Starting systemd-tmpfiles-setup-dev.service - Create Static Device Nodes in /dev...
sep 30 06:39:19 angel-VirtualBox systemd[1]: Finished systemd-random-seed.service - Load/Save OS Random Seed.
sep 30 06:39:19 angel-VirtualBox systemd[1]: Finished systemd-sysctl.service - Apply Kernel Variables.
sep 30 06:39:19 angel-VirtualBox systemd[1]: Finished systemd-udev-trigger.service - Coldplug All udev Devices.
sep 30 06:39:19 angel-VirtualBox systemd[1]: Finished systemd-tmpfiles-setup-dev.service - Create Static Device Nodes in /dev.
sep 30 06:39:19 angel-VirtualBox systemd[1]: Reached target local-fs-pre.target - Preparation for Local File Systems.
sep 30 06:39:19 angel-VirtualBox systemd[1]: Mounting snap-bare-5.mount - Mount unit for bare, revision 5...
sep 30 06:39:19 angel-VirtualBox systemd[1]: Mounting snap-core22-2045.mount - Mount unit for core22, revision 2045...
sep 30 06:39:19 angel-VirtualBox systemd[1]: Mounting snap-core22-2133.mount - Mount unit for core22, revision 2133...
sep 30 06:39:19 angel-VirtualBox systemd[1]: Mounting snap-firefox-6565.mount - Mount unit for firefox, revision 6565...
sep 30 06:39:19 angel-VirtualBox systemd[1]: Mounting snap-firefox-6836.mount - Mount unit for firefox, revision 6836...
sep 30 06:39:19 angel-VirtualBox systemd[1]: Mounting snap-firmware\x2dupdater-167.mount - Mount unit for firmware-updater, revision 167...
sep 30 06:39:19 angel-VirtualBox systemd[1]: Mounting snap-gnome\x2d42\x2d2204-202.mount - Mount unit for gnome-42-2204, revision 202...
sep 30 06:39:19 angel-VirtualBox systemd[1]: Mounting snap-gtk\x2dcommon\x2dthemes-1535.mount - Mount unit for gtk-common-themes, revision 1535...
sep 30 06:39:19 angel-VirtualBox systemd[1]: Mounting snap-snap\x2dstore-1270.mount - Mount unit for snap-store, revision 1270...
sep 30 06:39:19 angel-VirtualBox kernel: loop5: detected capacity change from 0 to 22800
sep 30 06:39:19 angel-VirtualBox systemd[1]: Mounting snap-snapd-24792.mount - Mount unit for snapd, revision 24792...
sep 30 06:39:19 angel-VirtualBox kernel: loop6: detected capacity change from 0 to 1056784
sep 30 06:39:19 angel-VirtualBox systemd[1]: Mounting snap-snapd-25202.mount - Mount unit for snapd, revision 25202...
sep 30 06:39:19 angel-VirtualBox kernel: loop7: detected capacity change from 0 to 187776
sep 30 06:39:19 angel-VirtualBox kernel: loop8: detected capacity change from 0 to 22176
sep 30 06:39:19 angel-VirtualBox systemd[1]: Mounting snap-snapd\x2ddesktop\x2dintegration-315.mount - Mount unit for snapd-desktop-integration, revision 315...
sep 30 06:39:19 angel-VirtualBox kernel: loop9: detected capacity change from 0 to 100952
sep 30 06:39:19 angel-VirtualBox systemd[1]: Starting systemd-udevd.service - Rule-based Manager for Device Events and Files...
sep 30 06:39:19 angel-VirtualBox kernel: loop10: detected capacity change from 0 to 103976
sep 30 06:39:19 angel-VirtualBox systemd[1]: Finished systemd-journal-flush.service - Flush Journal to Persistent Storage.
sep 30 06:39:19 angel-VirtualBox systemd[1]: Mounted snap-bare-5.mount - Mount unit for bare, revision 5.
sep 30 06:39:19 angel-VirtualBox systemd[1]: Mounted snap-core22-2045.mount - Mount unit for core22, revision 2045.
sep 30 06:39:19 angel-VirtualBox systemd[1]: Mounted snap-core22-2133.mount - Mount unit for core22, revision 2133.
sep 30 06:39:19 angel-VirtualBox systemd[1]: Mounted snap-firefox-6565.mount - Mount unit for firefox, revision 6565.
sep 30 06:39:19 angel-VirtualBox systemd[1]: Mounted snap-firefox-6836.mount - Mount unit for firefox, revision 6836.
sep 30 06:39:19 angel-VirtualBox systemd[1]: Mounted snap-firmware\x2dupdater-167.mount - Mount unit for firmware-updater, revision 167.
sep 30 06:39:19 angel-VirtualBox systemd[1]: Mounted snap-gnome\x2d42\x2d2204-202.mount - Mount unit for gnome-42-2204, revision 202.
sep 30 06:39:19 angel-VirtualBox systemd[1]: Mounted snap-gtk\x2dcommon\x2dthemes-1535.mount - Mount unit for gtk-common-themes, revision 1535.
sep 30 06:39:19 angel-VirtualBox systemd[1]: Mounted snap-snap\x2dstore-1270.mount - Mount unit for snap-store, revision 1270.
sep 30 06:39:19 angel-VirtualBox systemd[1]: Mounted snap-snapd-24792.mount - Mount unit for snapd, revision 24792.
sep 30 06:39:19 angel-VirtualBox systemd[1]: Mounted snap-snapd-25202.mount - Mount unit for snapd, revision 25202.
sep 30 06:39:19 angel-VirtualBox kernel: loop11: detected capacity change from 0 to 1152
sep 30 06:39:19 angel-VirtualBox systemd[1]: Mounted snap-snapd\x2ddesktop\x2dintegration-315.mount - Mount unit for snapd-desktop-integration, revision 315.
sep 30 06:39:19 angel-VirtualBox systemd[1]: Reached target snapd.mounts.target - Mounted snaps.
sep 30 06:39:19 angel-VirtualBox systemd[1]: Reached target local-fs.target - Local File Systems.
sep 30 06:39:19 angel-VirtualBox systemd[1]: Listening on systemd-sysext.socket - System Extension Image Management (Varlink).
sep 30 06:39:19 angel-VirtualBox systemd[1]: Starting apparmor.service - Load AppArmor profiles...
sep 30 06:39:19 angel-VirtualBox systemd-udevd[304]: Using default interface naming scheme 'v255'.
sep 30 06:39:19 angel-VirtualBox systemd[1]: Starting console-setup.service - Set console font and keymap...
sep 30 06:39:19 angel-VirtualBox systemd[1]: ldconfig.service - Rebuild Dynamic Linker Cache was skipped because no trigger condition checks were met.
sep 30 06:39:19 angel-VirtualBox systemd[1]: Starting plymouth-read-write.service - Tell Plymouth To Write Out Runtime Data...
sep 30 06:39:19 angel-VirtualBox systemd[1]: Starting systemd-binfmt.service - Set Up Additional Binary Formats...
sep 30 06:39:19 angel-VirtualBox systemd[1]: Starting systemd-tmpfiles-setup.service - Create Volatile Files and Directories...
sep 30 06:39:19 angel-VirtualBox apparmor.systemd[320]: Restarting AppArmor
sep 30 06:39:19 angel-VirtualBox systemd[1]: Starting ufw.service - Uncomplicated firewall...
sep 30 06:39:19 angel-VirtualBox apparmor.systemd[320]: Reloading AppArmor profiles
sep 30 06:39:19 angel-VirtualBox systemd[1]: Finished console-setup.service - Set console font and keymap.
sep 30 06:39:19 angel-VirtualBox systemd[1]: Finished plymouth-read-write.service - Tell Plymouth To Write Out Runtime Data.
sep 30 06:39:19 angel-VirtualBox systemd[1]: Received SIGRTMIN+20 from PID 161 (plymouthd).
sep 30 06:39:19 angel-VirtualBox systemd[1]: Finished ufw.service - Uncomplicated firewall.
sep 30 06:39:19 angel-VirtualBox systemd[1]: Reached target network-pre.target - Preparation for Network.
sep 30 06:39:19 angel-VirtualBox systemd[1]: proc-sys-fs-binfmt_misc.automount: Got automount request for /proc/sys/fs/binfmt_misc, triggered by 323 (systemd-binfmt)
sep 30 06:39:19 angel-VirtualBox kernel: audit: type=1400 audit(1759235959.961:2): apparmor="STATUS" operation="profile_load" profile="unconfined" name="1password" pid=339 comm="apparmor_parser"
sep 30 06:39:19 angel-VirtualBox kernel: audit: type=1400 audit(1759235959.963:3): apparmor="STATUS" operation="profile_load" profile="unconfined" name="Discord" pid=341 comm="apparmor_parser"
sep 30 06:39:19 angel-VirtualBox kernel: audit: type=1400 audit(1759235959.972:4): apparmor="STATUS" operation="profile_load" profile="unconfined" name=4D6F6E676F444220436F6D70617373 pid=342 comm="apparmor_parser"
sep 30 06:39:19 angel-VirtualBox systemd[1]: Started systemd-udevd.service - Rule-based Manager for Device Events and Files.
sep 30 06:39:19 angel-VirtualBox kernel: audit: type=1400 audit(1759235959.979:5): apparmor="STATUS" operation="profile_load" profile="unconfined" name="QtWebEngineProcess" pid=343 comm="apparmor_parser"
sep 30 06:39:19 angel-VirtualBox systemd[1]: Starting plymouth-start.service - Show Plymouth Boot Screen...
sep 30 06:39:19 angel-VirtualBox kernel: audit: type=1400 audit(1759235959.988:6): apparmor="STATUS" operation="profile_load" profile="unconfined" name="balena-etcher" pid=348 comm="apparmor_parser"
sep 30 06:39:19 angel-VirtualBox kernel: audit: type=1400 audit(1759235959.991:7): apparmor="STATUS" operation="profile_load" profile="unconfined" name="brave" pid=354 comm="apparmor_parser"
sep 30 06:39:19 angel-VirtualBox kernel: audit: type=1400 audit(1759235959.996:8): apparmor="STATUS" operation="profile_load" profile="unconfined" name="buildah" pid=355 comm="apparmor_parser"
sep 30 06:39:20 angel-VirtualBox kernel: audit: type=1400 audit(1759235960.002:9): apparmor="STATUS" operation="profile_load" profile="unconfined" name="busybox" pid=357 comm="apparmor_parser"
sep 30 06:39:20 angel-VirtualBox systemd[1]: Finished systemd-tmpfiles-setup.service - Create Volatile Files and Directories.
sep 30 06:39:20 angel-VirtualBox systemd[1]: systemd-firstboot.service - First Boot Wizard was skipped because of an unmet condition check (ConditionFirstBoot=yes).
sep 30 06:39:20 angel-VirtualBox systemd[1]: first-boot-complete.target - First Boot Complete was skipped because of an unmet condition check (ConditionFirstBoot=yes).
sep 30 06:39:20 angel-VirtualBox systemd[1]: systemd-journal-catalog-update.service - Rebuild Journal Catalog was skipped because of an unmet condition check (ConditionNeedsUpdate=/var).
sep 30 06:39:20 angel-VirtualBox systemd[1]: systemd-machine-id-commit.service - Commit a transient machine-id on disk was skipped because of an unmet condition check (ConditionPathIsMountPoint=/etc/machine-id).
sep 30 06:39:20 angel-VirtualBox kernel: audit: type=1400 audit(1759235960.012:10): apparmor="STATUS" operation="profile_load" profile="unconfined" name="cam" pid=358 comm="apparmor_parser"
sep 30 06:39:20 angel-VirtualBox kernel: audit: type=1400 audit(1759235960.025:11): apparmor="STATUS" operation="profile_load" profile="unconfined" name="ch-checkns" pid=362 comm="apparmor_parser"
sep 30 06:39:20 angel-VirtualBox kernel: audit: type=1400 audit(1759235960.034:12): apparmor="STATUS" operation="profile_load" profile="unconfined" name="ch-run" pid=364 comm="apparmor_parser"
sep 30 06:39:20 angel-VirtualBox systemd[1]: Starting systemd-oomd.service - Userspace Out-Of-Memory (OOM) Killer...
sep 30 06:39:20 angel-VirtualBox kernel: audit: type=1400 audit(1759235960.040:13): apparmor="STATUS" operation="profile_load" profile="unconfined" name="chrome" pid=366 comm="apparmor_parser"
sep 30 06:39:20 angel-VirtualBox kernel: audit: type=1400 audit(1759235960.044:14): apparmor="STATUS" operation="profile_load" profile="unconfined" name="vscode" pid=367 comm="apparmor_parser"
sep 30 06:39:20 angel-VirtualBox systemd[1]: Starting systemd-resolved.service - Network Name Resolution...
sep 30 06:39:20 angel-VirtualBox kernel: audit: type=1400 audit(1759235960.060:15): apparmor="STATUS" operation="profile_load" profile="unconfined" name="crun" pid=368 comm="apparmor_parser"
sep 30 06:39:20 angel-VirtualBox systemd[1]: Starting systemd-timesyncd.service - Network Time Synchronization...
sep 30 06:39:20 angel-VirtualBox systemd[1]: systemd-update-done.service - Update is Completed was skipped because no trigger condition checks were met.
sep 30 06:39:20 angel-VirtualBox systemd[1]: Starting systemd-update-utmp.service - Record System Boot/Shutdown in UTMP...
sep 30 06:39:20 angel-VirtualBox systemd[1]: Mounting proc-sys-fs-binfmt_misc.mount - Arbitrary Executable File Formats File System...
sep 30 06:39:20 angel-VirtualBox systemd[1]: Started plymouth-start.service - Show Plymouth Boot Screen.
sep 30 06:39:20 angel-VirtualBox systemd[1]: systemd-ask-password-console.path - Dispatch Password Requests to Console Directory Watch was skipped because of an unmet condition check (ConditionPathExists=!/run/plymouth/pid).
sep 30 06:39:20 angel-VirtualBox systemd[1]: Started systemd-ask-password-plymouth.path - Forward Password Requests to Plymouth Directory Watch.
sep 30 06:39:20 angel-VirtualBox systemd[1]: Reached target cryptsetup.target - Local Encrypted Volumes.
sep 30 06:39:20 angel-VirtualBox systemd[1]: Finished systemd-update-utmp.service - Record System Boot/Shutdown in UTMP.
sep 30 06:39:20 angel-VirtualBox systemd[1]: Mounted proc-sys-fs-binfmt_misc.mount - Arbitrary Executable File Formats File System.
sep 30 06:39:20 angel-VirtualBox systemd[1]: proc-sys-fs-binfmt_misc.automount: Got automount request for /proc/sys/fs/binfmt_misc, triggered by 369 ((resolved))
sep 30 06:39:20 angel-VirtualBox systemd[1]: proc-sys-fs-binfmt_misc.automount: Automount point already active?
sep 30 06:39:20 angel-VirtualBox systemd[1]: Finished systemd-binfmt.service - Set Up Additional Binary Formats.
sep 30 06:39:20 angel-VirtualBox systemd[1]: Started systemd-oomd.service - Userspace Out-Of-Memory (OOM) Killer.
sep 30 06:39:20 angel-VirtualBox systemd[1]: Started systemd-timesyncd.service - Network Time Synchronization.
sep 30 06:39:20 angel-VirtualBox systemd[1]: Reached target time-set.target - System Time Set.
sep 30 06:39:20 angel-VirtualBox systemd-resolved[369]: Positive Trust Anchors:
sep 30 06:39:20 angel-VirtualBox systemd-resolved[369]: . IN DS 20326 8 2 e06d44b80b8f1d39a95c0b0d7c65d08458e880409bbc683457104237c7f8ec8d
sep 30 06:39:20 angel-VirtualBox systemd-resolved[369]: Negative trust anchors: home.arpa 10.in-addr.arpa 16.172.in-addr.arpa 17.172.in-addr.arpa 18.172.in-addr.arpa 19.172.in-addr.arpa 20.172.in-addr.arpa 21.172.in-addr.arpa 22.172.in-addr.arpa 23.172.in-addr.arpa 24.172.in-addr.arpa 25.172.in-addr.arpa 26.172.in-addr.arpa 27.172.in-addr.arpa 28.172.in-addr.arpa 29.172.in-addr.arpa 30.172.in-addr.arpa 31.172.in-addr.arpa 170.0.0.192.in-addr.arpa 171.0.0.192.in-addr.arpa 168.192.in-addr.arpa d.f.ip6.arpa ipv4only.arpa corp home internal intranet lan local private test
sep 30 06:39:20 angel-VirtualBox systemd-resolved[369]: Using system hostname 'angel-VirtualBox'.
sep 30 06:39:20 angel-VirtualBox systemd[1]: Started systemd-resolved.service - Network Name Resolution.
sep 30 06:39:20 angel-VirtualBox systemd[1]: Reached target nss-lookup.target - Host and Network Name Lookups.
sep 30 06:39:20 angel-VirtualBox apparmor.systemd[482]: Warning: found usr.sbin.sssd in /etc/apparmor.d/force-complain, forcing complain mode
sep 30 06:39:20 angel-VirtualBox apparmor.systemd[482]: Warning from /etc/apparmor.d (/etc/apparmor.d/usr.sbin.sssd line 69): Caching disabled for: 'usr.sbin.sssd' due to force complain
sep 30 06:39:20 angel-VirtualBox systemd[1]: Finished apparmor.service - Load AppArmor profiles.
sep 30 06:39:20 angel-VirtualBox systemd[1]: Starting snapd.apparmor.service - Load AppArmor profiles managed internally by snapd...
sep 30 06:39:21 angel-VirtualBox snapd-apparmor[491]: main.go:146: Loading profiles [/var/lib/snapd/apparmor/profiles/snap-confine.snapd.24792 /var/lib/snapd/apparmor/profiles/snap-confine.snapd.25202 /var/lib/snapd/apparmor/profiles/snap-update-ns.firefox /var/lib/snapd/apparmor/profiles/snap-update-ns.firmware-updater /var/lib/snapd/apparmor/profiles/snap-update-ns.snap-store /var/lib/snapd/apparmor/profiles/snap-update-ns.snapd-desktop-integration /var/lib/snapd/apparmor/profiles/snap.firefox.firefox /var/lib/snapd/apparmor/profiles/snap.firefox.geckodriver /var/lib/snapd/apparmor/profiles/snap.firefox.hook.configure /var/lib/snapd/apparmor/profiles/snap.firefox.hook.disconnect-plug-host-hunspell /var/lib/snapd/apparmor/profiles/snap.firefox.hook.install /var/lib/snapd/apparmor/profiles/snap.firefox.hook.post-refresh /var/lib/snapd/apparmor/profiles/snap.firmware-updater.firmware-notifier /var/lib/snapd/apparmor/profiles/snap.firmware-updater.firmware-updater /var/lib/snapd/apparmor/profiles/snap.firmware-updater.firmware-updater-app /var/lib/snapd/apparmor/profiles/snap.firmware-updater.hook.configure /var/lib/snapd/apparmor/profiles/snap.snap-store.hook.configure /var/lib/snapd/apparmor/profiles/snap.snap-store.show-updates /var/lib/snapd/apparmor/profiles/snap.snap-store.snap-store /var/lib/snapd/apparmor/profiles/snap.snapd-desktop-integration.hook.configure /var/lib/snapd/apparmor/profiles/snap.snapd-desktop-integration.snapd-desktop-integration]
sep 30 06:39:21 angel-VirtualBox mtp-probe[501]: checking bus 1, device 2: "/sys/devices/pci0000:00/0000:00:06.0/usb1/1-1"
sep 30 06:39:21 angel-VirtualBox mtp-probe[501]: bus: 1, device: 2 was not an MTP device
sep 30 06:39:21 angel-VirtualBox kernel: piix4_smbus 0000:00:07.0: SMBus Host Controller at 0x4100, revision 0
sep 30 06:39:21 angel-VirtualBox kernel: cryptd: max_cpu_qlen set to 1000
sep 30 06:39:21 angel-VirtualBox kernel: AES CTR mode by8 optimization enabled
sep 30 06:39:21 angel-VirtualBox kernel: vboxguest: host-version: 7.2.0r170228 0x8000000f
sep 30 06:39:21 angel-VirtualBox kernel: vmwgfx 0000:00:02.0: vgaarb: deactivate vga console
sep 30 06:39:21 angel-VirtualBox kernel: vbg_heartbeat_init: Setting up heartbeat to trigger every 2000 milliseconds
sep 30 06:39:21 angel-VirtualBox kernel: input: VirtualBox mouse integration as /devices/pci0000:00/0000:00:04.0/input/input7
sep 30 06:39:21 angel-VirtualBox systemd[1]: Listening on systemd-rfkill.socket - Load/Save RF Kill Switch Status /dev/rfkill Watch.
sep 30 06:39:21 angel-VirtualBox systemd[1]: Finished snapd.apparmor.service - Load AppArmor profiles managed internally by snapd.
sep 30 06:39:21 angel-VirtualBox systemd[1]: Reached target sysinit.target - System Initialization.
sep 30 06:39:21 angel-VirtualBox kernel: Console: switching to colour dummy device 80x25
sep 30 06:39:21 angel-VirtualBox systemd[1]: apport-autoreport.path - Process error reports when automatic reporting is enabled (file watch) was skipped because of an unmet condition check (ConditionPathExists=/var/lib/apport/autoreport).
sep 30 06:39:21 angel-VirtualBox systemd[1]: Started cups.path - CUPS Scheduler.
sep 30 06:39:21 angel-VirtualBox systemd[1]: tpm-udev.path - Handle dynamically added tpm devices was skipped because of an unmet condition check (ConditionVirtualization=container).
sep 30 06:39:21 angel-VirtualBox systemd[1]: Started whoopsie.path - Start whoopsie on modification of the /var/crash directory.
sep 30 06:39:21 angel-VirtualBox systemd[1]: Started anacron.timer - Trigger anacron every hour.
sep 30 06:39:21 angel-VirtualBox systemd[1]: apport-autoreport.timer - Process error reports when automatic reporting is enabled (timer based) was skipped because of an unmet condition check (ConditionPathExists=/var/lib/apport/autoreport).
sep 30 06:39:21 angel-VirtualBox systemd[1]: Started apt-daily.timer - Daily apt download activities.
sep 30 06:39:21 angel-VirtualBox systemd[1]: Started apt-daily-upgrade.timer - Daily apt upgrade and clean activities.
sep 30 06:39:21 angel-VirtualBox systemd[1]: Started dpkg-db-backup.timer - Daily dpkg database backup timer.
sep 30 06:39:21 angel-VirtualBox systemd[1]: Started e2scrub_all.timer - Periodic ext4 Online Metadata Check for All Filesystems.
sep 30 06:39:21 angel-VirtualBox systemd[1]: Started fstrim.timer - Discard unused filesystem blocks once a week.
sep 30 06:39:21 angel-VirtualBox systemd[1]: Started fwupd-refresh.timer - Refresh fwupd metadata regularly.
sep 30 06:39:21 angel-VirtualBox systemd[1]: Started logrotate.timer - Daily rotation of log files.
sep 30 06:39:21 angel-VirtualBox systemd[1]: Started man-db.timer - Daily man-db regeneration.
sep 30 06:39:21 angel-VirtualBox systemd[1]: Started motd-news.timer - Message of the Day.
sep 30 06:39:21 angel-VirtualBox systemd[1]: snapd.snap-repair.timer - Timer to automatically fetch and run repair assertions was skipped because no trigger condition checks were met.
sep 30 06:39:21 angel-VirtualBox systemd[1]: Started sysstat-collect.timer - Run system activity accounting tool every 10 minutes.
sep 30 06:39:21 angel-VirtualBox systemd[1]: Started sysstat-summary.timer - Generate summary of yesterday's process accounting.
sep 30 06:39:21 angel-VirtualBox systemd[1]: Started systemd-tmpfiles-clean.timer - Daily Cleanup of Temporary Directories.
sep 30 06:39:21 angel-VirtualBox systemd[1]: ua-timer.timer - Ubuntu Pro Timer for running repeated jobs was skipped because of an unmet condition check (ConditionPathExists=/var/lib/ubuntu-advantage/private/machine-token.json).
sep 30 06:39:21 angel-VirtualBox systemd[1]: Reached target paths.target - Path Units.
sep 30 06:39:21 angel-VirtualBox systemd[1]: apport-forward.socket - Unix socket for apport crash forwarding was skipped because of an unmet condition check (ConditionVirtualization=container).
sep 30 06:39:21 angel-VirtualBox systemd[1]: Listening on avahi-daemon.socket - Avahi mDNS/DNS-SD Stack Activation Socket.
sep 30 06:39:21 angel-VirtualBox systemd[1]: Listening on cups.socket - CUPS Scheduler.
sep 30 06:39:21 angel-VirtualBox systemd[1]: Listening on dbus.socket - D-Bus System Message Bus Socket.
sep 30 06:39:21 angel-VirtualBox systemd[1]: Starting snapd.socket - Socket activation for snappy daemon...
sep 30 06:39:21 angel-VirtualBox systemd[1]: Listening on uuidd.socket - UUID daemon activation socket.
sep 30 06:39:21 angel-VirtualBox systemd[1]: systemd-pcrphase-sysinit.service - TPM2 PCR Barrier (Initialization) was skipped because of an unmet condition check (ConditionSecurity=measured-uki).
sep 30 06:39:21 angel-VirtualBox systemd[1]: Listening on snapd.socket - Socket activation for snappy daemon.
sep 30 06:39:21 angel-VirtualBox systemd[1]: Reached target sockets.target - Socket Units.
sep 30 06:39:21 angel-VirtualBox systemd[1]: Reached target basic.target - Basic System.
sep 30 06:39:21 angel-VirtualBox systemd[1]: Started anacron.service - Run anacron jobs.
sep 30 06:39:21 angel-VirtualBox anacron[543]: Anacron 2.3 started on 2025-09-30
sep 30 06:39:21 angel-VirtualBox anacron[543]: Will run job `cron.daily' in 5 min.
sep 30 06:39:21 angel-VirtualBox anacron[543]: Will run job `cron.weekly' in 10 min.
sep 30 06:39:21 angel-VirtualBox anacron[543]: Jobs will be executed sequentially
sep 30 06:39:21 angel-VirtualBox systemd[1]: Starting apport.service - automatic crash report generation...
sep 30 06:39:21 angel-VirtualBox systemd[1]: Starting avahi-daemon.service - Avahi mDNS/DNS-SD Stack...
sep 30 06:39:21 angel-VirtualBox systemd[1]: Starting dbus.service - D-Bus System Message Bus...
sep 30 06:39:21 angel-VirtualBox kernel: vmwgfx 0000:00:02.0: [drm] FIFO at 0x00000000f0000000 size is 2048 KiB
sep 30 06:39:21 angel-VirtualBox kernel: vmwgfx 0000:00:02.0: [drm] VRAM at 0x00000000e0000000 size is 65536 KiB
sep 30 06:39:21 angel-VirtualBox kernel: vmwgfx 0000:00:02.0: [drm] Running on SVGA version 2.
sep 30 06:39:21 angel-VirtualBox kernel: vmwgfx 0000:00:02.0: [drm] Capabilities: rect copy, cursor, cursor bypass, cursor bypass 2, alpha cursor, extended fifo, pitchlock, irq mask, gmr, traces, gmr2, screen object 2, command buffers, command buffers 2, gbobject, 
sep 30 06:39:21 angel-VirtualBox kernel: vmwgfx 0000:00:02.0: [drm] *ERROR* vmwgfx seems to be running on an unsupported hypervisor.
sep 30 06:39:21 angel-VirtualBox kernel: vmwgfx 0000:00:02.0: [drm] *ERROR* This configuration is likely broken.
sep 30 06:39:21 angel-VirtualBox kernel: vmwgfx 0000:00:02.0: [drm] *ERROR* Please switch to a supported graphics device to avoid problems.
sep 30 06:39:21 angel-VirtualBox kernel: vmwgfx 0000:00:02.0: [drm] DMA map mode: Caching DMA mappings.
sep 30 06:39:21 angel-VirtualBox kernel: vmwgfx 0000:00:02.0: [drm] Legacy memory limits: VRAM = 49152 KiB, FIFO = 2048 KiB, surface = 475136 KiB
sep 30 06:39:21 angel-VirtualBox kernel: vmwgfx 0000:00:02.0: [drm] MOB limits: max mob size = 131072 KiB, max mob pages = 12288
sep 30 06:39:21 angel-VirtualBox kernel: vmwgfx 0000:00:02.0: [drm] Max GMR ids is 8192
sep 30 06:39:21 angel-VirtualBox kernel: vmwgfx 0000:00:02.0: [drm] Max number of GMR pages is 1048576
sep 30 06:39:21 angel-VirtualBox kernel: vmwgfx 0000:00:02.0: [drm] Maximum display memory size is 49152 KiB
sep 30 06:39:21 angel-VirtualBox systemd[1]: Started dmesg.service - Save initial kernel messages after boot.
sep 30 06:39:21 angel-VirtualBox systemd[1]: Starting dpkg-db-backup.service - Daily dpkg database backup service...
sep 30 06:39:21 angel-VirtualBox systemd[1]: Starting e2scrub_reap.service - Remove Stale Online ext4 Metadata Check Snapshots...
sep 30 06:39:21 angel-VirtualBox systemd[1]: getty-static.service - getty on tty2-tty6 if dbus and logind are not available was skipped because of an unmet condition check (ConditionPathExists=!/usr/bin/dbus-daemon).
sep 30 06:39:21 angel-VirtualBox systemd[1]: Reached target getty.target - Login Prompts.
sep 30 06:39:21 angel-VirtualBox avahi-daemon[547]: Found user 'avahi' (UID 108) and group 'avahi' (GID 111).
sep 30 06:39:21 angel-VirtualBox systemd[1]: Starting gnome-remote-desktop.service - GNOME Remote Desktop...
sep 30 06:39:22 angel-VirtualBox systemd[1]: Starting gpu-manager.service - Detect the available GPUs and deal with any system changes...
sep 30 06:39:22 angel-VirtualBox systemd[1]: Starting grub-common.service - Record successful boot for GRUB...
sep 30 06:39:22 angel-VirtualBox dbus-daemon[549]: dbus[549]: Unknown group "power" in message bus configuration file
sep 30 06:39:22 angel-VirtualBox systemd[1]: networkd-dispatcher.service - Dispatcher daemon for systemd-networkd was skipped because no trigger condition checks were met.
sep 30 06:39:22 angel-VirtualBox systemd[1]: Starting polkit.service - Authorization Manager...
sep 30 06:39:22 angel-VirtualBox systemd[1]: Starting power-profiles-daemon.service - Power Profiles daemon...
sep 30 06:39:22 angel-VirtualBox systemd[1]: Starting rsyslog.service - System Logging Service...
sep 30 06:39:22 angel-VirtualBox systemd[1]: secureboot-db.service - Secure Boot updates for DB and DBX was skipped because of an unmet condition check (ConditionPathExists=/sys/firmware/efi/efivars/db-d719b2cb-3d3a-4596-a3bc-dad00e67656f).
sep 30 06:39:22 angel-VirtualBox systemd[1]: snapd.core-fixup.service - Automatically repair incorrect owner/permissions on core devices was skipped because no trigger condition checks were met.
sep 30 06:39:22 angel-VirtualBox systemd[1]: snapd.recovery-chooser-trigger.service - Wait for the Ubuntu Core chooser trigger was skipped because of an unmet condition check (ConditionKernelCommandLine=snapd_recovery_mode).
sep 30 06:39:22 angel-VirtualBox systemd[1]: Reached target getty-pre.target - Preparation for Logins.
sep 30 06:39:22 angel-VirtualBox systemd[1]: Starting snapd.seeded.service - Wait until snapd is fully seeded...
sep 30 06:39:22 angel-VirtualBox dbus-daemon[549]: [system] AppArmor D-Bus mediation is enabled
sep 30 06:39:22 angel-VirtualBox systemd[1]: Starting snapd.service - Snap Daemon...
sep 30 06:39:22 angel-VirtualBox systemd[1]: ssl-cert.service - Generate snakeoil SSL keypair was skipped because of an unmet condition check (ConditionPathExists=!/etc/ssl/private/ssl-cert-snakeoil.key).
sep 30 06:39:22 angel-VirtualBox systemd[1]: sssd.service - System Security Services Daemon was skipped because no trigger condition checks were met.
sep 30 06:39:22 angel-VirtualBox systemd[1]: Reached target nss-user-lookup.target - User and Group Name Lookups.
sep 30 06:39:22 angel-VirtualBox systemd[1]: sssd-nss.socket: Bound to unit sssd.service, but unit isn't active.
sep 30 06:39:22 angel-VirtualBox systemd[1]: Dependency failed for sssd-nss.socket - SSSD NSS Service responder socket.
sep 30 06:39:22 angel-VirtualBox systemd[1]: sssd-nss.socket: Job sssd-nss.socket/start failed with result 'dependency'.
sep 30 06:39:22 angel-VirtualBox systemd[1]: sssd-autofs.socket: Bound to unit sssd.service, but unit isn't active.
sep 30 06:39:22 angel-VirtualBox systemd[1]: Dependency failed for sssd-autofs.socket - SSSD AutoFS Service responder socket.
sep 30 06:39:22 angel-VirtualBox systemd[1]: sssd-autofs.socket: Job sssd-autofs.socket/start failed with result 'dependency'.
sep 30 06:39:22 angel-VirtualBox systemd[1]: sssd-pac.socket: Bound to unit sssd.service, but unit isn't active.
sep 30 06:39:22 angel-VirtualBox systemd[1]: Dependency failed for sssd-pac.socket - SSSD PAC Service responder socket.
sep 30 06:39:22 angel-VirtualBox systemd[1]: sssd-pac.socket: Job sssd-pac.socket/start failed with result 'dependency'.
sep 30 06:39:22 angel-VirtualBox systemd[1]: sssd-pam-priv.socket: Bound to unit sssd.service, but unit isn't active.
sep 30 06:39:22 angel-VirtualBox systemd[1]: Dependency failed for sssd-pam-priv.socket - SSSD PAM Service responder private socket.
sep 30 06:39:22 angel-VirtualBox systemd[1]: Dependency failed for sssd-pam.socket - SSSD PAM Service responder socket.
sep 30 06:39:22 angel-VirtualBox systemd[1]: sssd-pam.socket: Job sssd-pam.socket/start failed with result 'dependency'.
sep 30 06:39:22 angel-VirtualBox systemd[1]: sssd-pam-priv.socket: Job sssd-pam-priv.socket/start failed with result 'dependency'.
sep 30 06:39:22 angel-VirtualBox systemd[1]: sssd-ssh.socket: Bound to unit sssd.service, but unit isn't active.
sep 30 06:39:22 angel-VirtualBox systemd[1]: Dependency failed for sssd-ssh.socket - SSSD SSH Service responder socket.
sep 30 06:39:22 angel-VirtualBox systemd[1]: sssd-ssh.socket: Job sssd-ssh.socket/start failed with result 'dependency'.
sep 30 06:39:22 angel-VirtualBox systemd[1]: sssd-sudo.socket: Bound to unit sssd.service, but unit isn't active.
sep 30 06:39:22 angel-VirtualBox systemd[1]: Dependency failed for sssd-sudo.socket - SSSD Sudo Service responder socket.
sep 30 06:39:22 angel-VirtualBox systemd[1]: sssd-sudo.socket: Job sssd-sudo.socket/start failed with result 'dependency'.
sep 30 06:39:22 angel-VirtualBox systemd[1]: Starting accounts-daemon.service - Accounts Service...
sep 30 06:39:22 angel-VirtualBox systemd[1]: Started cron.service - Regular background program processing daemon.
sep 30 06:39:22 angel-VirtualBox systemd[1]: Starting switcheroo-control.service - Switcheroo Control Proxy service...
sep 30 06:39:22 angel-VirtualBox dbus-daemon[549]: [system] Activating systemd to hand-off: service name='org.freedesktop.PolicyKit1' unit='polkit.service' requested by ':1.3' (uid=0 pid=566 comm="/usr/libexec/power-profiles-daemon" label="unconfined")
sep 30 06:39:22 angel-VirtualBox systemd[1]: Starting sysstat.service - Resets System Activity Logs...
sep 30 06:39:22 angel-VirtualBox systemd[1]: Starting systemd-logind.service - User Login Management...
sep 30 06:39:22 angel-VirtualBox systemd[1]: systemd-pcrphase.service - TPM2 PCR Barrier (User) was skipped because of an unmet condition check (ConditionSecurity=measured-uki).
sep 30 06:39:22 angel-VirtualBox systemd[1]: thermald.service - Thermal Daemon Service was skipped because of an unmet condition check (ConditionVirtualization=no).
sep 30 06:39:22 angel-VirtualBox systemd[1]: ua-reboot-cmds.service - Ubuntu Pro reboot cmds was skipped because of an unmet condition check (ConditionPathExists=/var/lib/ubuntu-advantage/private/machine-token.json).
sep 30 06:39:22 angel-VirtualBox (cron)[592]: cron.service: Referenced but unset environment variable evaluates to an empty string: EXTRA_OPTS
sep 30 06:39:22 angel-VirtualBox systemd[1]: Starting udisks2.service - Disk Manager...
sep 30 06:39:22 angel-VirtualBox cron[592]: (CRON) INFO (pidfile fd = 3)
sep 30 06:39:23 angel-VirtualBox cron[592]: (CRON) INFO (Running @reboot jobs)
sep 30 06:39:23 angel-VirtualBox kernel: intel_rapl_common: Found RAPL domain package
sep 30 06:39:23 angel-VirtualBox kernel: intel_rapl_common: Found RAPL domain core
sep 30 06:39:23 angel-VirtualBox systemd[1]: Starting logrotate.service - Rotate log files...
sep 30 06:39:23 angel-VirtualBox systemd[1]: Started dbus.service - D-Bus System Message Bus.
sep 30 06:39:23 angel-VirtualBox systemd[1]: dpkg-db-backup.service: Deactivated successfully.
sep 30 06:39:23 angel-VirtualBox systemd[1]: Finished dpkg-db-backup.service - Daily dpkg database backup service.
sep 30 06:39:23 angel-VirtualBox systemd[1]: e2scrub_reap.service: Deactivated successfully.
sep 30 06:39:23 angel-VirtualBox systemd[1]: Finished e2scrub_reap.service - Remove Stale Online ext4 Metadata Check Snapshots.
sep 30 06:39:23 angel-VirtualBox udisksd[608]: udisks daemon version 2.10.1 starting
sep 30 06:39:23 angel-VirtualBox systemd[1]: Finished sysstat.service - Resets System Activity Logs.
sep 30 06:39:23 angel-VirtualBox systemd-logind[605]: Watching system buttons on /dev/input/event0 (Power Button)
sep 30 06:39:23 angel-VirtualBox kernel: vmwgfx 0000:00:02.0: [drm] Screen Target display unit initialized
sep 30 06:39:23 angel-VirtualBox systemd-logind[605]: Watching system buttons on /dev/input/event1 (Sleep Button)
sep 30 06:39:23 angel-VirtualBox kernel: vmwgfx 0000:00:02.0: [drm] Fifo max 0x00200000 min 0x00001000 cap 0x00000355
sep 30 06:39:23 angel-VirtualBox systemd-logind[605]: Watching system buttons on /dev/input/event2 (AT Translated Set 2 keyboard)
sep 30 06:39:23 angel-VirtualBox systemd-logind[605]: New seat seat0.
sep 30 06:39:23 angel-VirtualBox systemd[1]: Started systemd-logind.service - User Login Management.
sep 30 06:39:23 angel-VirtualBox avahi-daemon[547]: Successfully dropped root privileges.
sep 30 06:39:23 angel-VirtualBox avahi-daemon[547]: avahi-daemon 0.8 starting up.
sep 30 06:39:23 angel-VirtualBox dbus-daemon[549]: [system] Successfully activated service 'org.freedesktop.systemd1'
sep 30 06:39:23 angel-VirtualBox kernel: vmwgfx 0000:00:02.0: [drm] Using command buffers with DMA pool.
sep 30 06:39:23 angel-VirtualBox avahi-daemon[547]: Successfully called chroot().
sep 30 06:39:23 angel-VirtualBox avahi-daemon[547]: Successfully dropped remaining capabilities.
sep 30 06:39:23 angel-VirtualBox avahi-daemon[547]: No service file found in /etc/avahi/services.
sep 30 06:39:23 angel-VirtualBox avahi-daemon[547]: Joining mDNS multicast group on interface lo.IPv6 with address ::1.
sep 30 06:39:23 angel-VirtualBox avahi-daemon[547]: New relevant interface lo.IPv6 for mDNS.
sep 30 06:39:23 angel-VirtualBox avahi-daemon[547]: Joining mDNS multicast group on interface lo.IPv4 with address 127.0.0.1.
sep 30 06:39:23 angel-VirtualBox avahi-daemon[547]: New relevant interface lo.IPv4 for mDNS.
sep 30 06:39:23 angel-VirtualBox avahi-daemon[547]: Network interface enumeration completed.
sep 30 06:39:23 angel-VirtualBox avahi-daemon[547]: Registering new address record for ::1 on lo.*.
sep 30 06:39:23 angel-VirtualBox avahi-daemon[547]: Registering new address record for 127.0.0.1 on lo.IPv4.
sep 30 06:39:23 angel-VirtualBox systemd[1]: Started avahi-daemon.service - Avahi mDNS/DNS-SD Stack.
sep 30 06:39:23 angel-VirtualBox kernel: vmwgfx 0000:00:02.0: [drm] Available shader model: Legacy.
sep 30 06:39:23 angel-VirtualBox kernel: [drm] Initialized vmwgfx 2.20.0 for 0000:00:02.0 on minor 0
sep 30 06:39:23 angel-VirtualBox systemd[1]: Started switcheroo-control.service - Switcheroo Control Proxy service.
sep 30 06:39:24 angel-VirtualBox systemd[1]: Starting NetworkManager.service - Network Manager...
sep 30 06:39:24 angel-VirtualBox systemd[1]: Starting wpa_supplicant.service - WPA supplicant...
sep 30 06:39:24 angel-VirtualBox rsyslogd[636]: imuxsock: Acquired UNIX socket '/run/systemd/journal/syslog' (fd 3) from systemd.  [v8.2312.0]
sep 30 06:39:24 angel-VirtualBox rsyslogd[636]: rsyslogd's groupid changed to 102
sep 30 06:39:24 angel-VirtualBox rsyslogd[636]: rsyslogd's userid changed to 102
sep 30 06:39:24 angel-VirtualBox rsyslogd[636]: [origin software="rsyslogd" swVersion="8.2312.0" x-pid="636" x-info="https://www.rsyslog.com"] start
sep 30 06:39:24 angel-VirtualBox polkitd[565]: Started polkitd version 124
sep 30 06:39:24 angel-VirtualBox kernel: fbcon: vmwgfxdrmfb (fb0) is primary device
sep 30 06:39:24 angel-VirtualBox kernel: Console: switching to colour frame buffer device 160x50
sep 30 06:39:24 angel-VirtualBox kernel: vmwgfx 0000:00:02.0: [drm] fb0: vmwgfxdrmfb frame buffer device
sep 30 06:39:24 angel-VirtualBox systemd[1]: Started rsyslog.service - System Logging Service.
sep 30 06:39:24 angel-VirtualBox systemd[1]: grub-common.service: Deactivated successfully.
sep 30 06:39:24 angel-VirtualBox systemd[1]: Finished grub-common.service - Record successful boot for GRUB.
sep 30 06:39:24 angel-VirtualBox polkitd[565]: Loading rules from directory /etc/polkit-1/rules.d
sep 30 06:39:24 angel-VirtualBox polkitd[565]: Loading rules from directory /usr/share/polkit-1/rules.d
sep 30 06:39:24 angel-VirtualBox polkitd[565]: Finished loading, compiling and executing 16 rules
sep 30 06:39:24 angel-VirtualBox dbus-daemon[549]: [system] Successfully activated service 'org.freedesktop.PolicyKit1'
sep 30 06:39:24 angel-VirtualBox polkitd[565]: Acquired the name org.freedesktop.PolicyKit1 on the system bus
sep 30 06:39:24 angel-VirtualBox accounts-daemon[590]: started daemon version 23.13.9
sep 30 06:39:24 angel-VirtualBox avahi-daemon[547]: Server startup complete. Host name is angel-VirtualBox.local. Local service cookie is 3942079244.
sep 30 06:39:24 angel-VirtualBox systemd[1]: Starting grub-initrd-fallback.service - GRUB failed boot detection...
sep 30 06:39:24 angel-VirtualBox systemd[1]: Started polkit.service - Authorization Manager.
sep 30 06:39:24 angel-VirtualBox systemd[1]: Started accounts-daemon.service - Accounts Service.
sep 30 06:39:24 angel-VirtualBox systemd[1]: Started power-profiles-daemon.service - Power Profiles daemon.
sep 30 06:39:24 angel-VirtualBox systemd[1]: Starting ModemManager.service - Modem Manager...
sep 30 06:39:24 angel-VirtualBox wpa_supplicant[664]: Successfully initialized wpa_supplicant
sep 30 06:39:24 angel-VirtualBox systemd[1]: Started wpa_supplicant.service - WPA supplicant.
sep 30 06:39:24 angel-VirtualBox systemd[1]: Started udisks2.service - Disk Manager.
sep 30 06:39:25 angel-VirtualBox udisksd[608]: Acquired the name org.freedesktop.UDisks2 on the system message bus
sep 30 06:39:25 angel-VirtualBox gnome-remote-de[556]: Init TPM credentials failed because No TPM device found, using GKeyFile as fallback
sep 30 06:39:25 angel-VirtualBox systemd[1]: Cannot find unit for notify message of PID 718, ignoring.
sep 30 06:39:25 angel-VirtualBox systemd[1]: Finished apport.service - automatic crash report generation.
sep 30 06:39:25 angel-VirtualBox systemd[1]: Started gnome-remote-desktop.service - GNOME Remote Desktop.
sep 30 06:39:25 angel-VirtualBox systemd[1]: cups.path: Deactivated successfully.
sep 30 06:39:25 angel-VirtualBox systemd[1]: Stopped cups.path - CUPS Scheduler.
sep 30 06:39:25 angel-VirtualBox systemd[1]: Stopping cups.path - CUPS Scheduler...
sep 30 06:39:25 angel-VirtualBox systemd[1]: Started cups.path - CUPS Scheduler.
sep 30 06:39:25 angel-VirtualBox systemd[1]: cups.socket: Deactivated successfully.
sep 30 06:39:25 angel-VirtualBox systemd[1]: Closed cups.socket - CUPS Scheduler.
sep 30 06:39:25 angel-VirtualBox systemd[1]: Stopping cups.socket - CUPS Scheduler...
sep 30 06:39:25 angel-VirtualBox systemd[1]: Listening on cups.socket - CUPS Scheduler.
sep 30 06:39:25 angel-VirtualBox systemd[1]: grub-initrd-fallback.service: Deactivated successfully.
sep 30 06:39:25 angel-VirtualBox systemd[1]: Finished grub-initrd-fallback.service - GRUB failed boot detection.
sep 30 06:39:25 angel-VirtualBox NetworkManager[661]: <info>  [1759235965.3009] NetworkManager (version 1.46.0) is starting... (boot:6e730d13-83eb-4436-93a7-704c3909d4a5)
sep 30 06:39:25 angel-VirtualBox NetworkManager[661]: <info>  [1759235965.3031] Read config: /etc/NetworkManager/NetworkManager.conf (lib: 10-dns-resolved.conf, 20-connectivity-ubuntu.conf, no-mac-addr-change.conf) (run: 10-globally-managed-devices.conf) (etc: default-wifi-powersave-on.conf)
sep 30 06:39:25 angel-VirtualBox ModemManager[700]: <msg> ModemManager (version 1.23.4) starting in system bus...
sep 30 06:39:25 angel-VirtualBox NetworkManager[661]: <info>  [1759235965.3500] manager[0x61150edead70]: monitoring kernel firmware directory '/lib/firmware'.
sep 30 06:39:25 angel-VirtualBox NetworkManager[661]: <info>  [1759235965.3500] monitoring ifupdown state file '/run/network/ifstate'.
sep 30 06:39:25 angel-VirtualBox dbus-daemon[549]: [system] Activating via systemd: service name='org.freedesktop.hostname1' unit='dbus-org.freedesktop.hostname1.service' requested by ':1.13' (uid=0 pid=661 comm="/usr/sbin/NetworkManager --no-daemon" label="unconfined")
sep 30 06:39:25 angel-VirtualBox systemd[1]: Starting systemd-hostnamed.service - Hostname Service...
sep 30 06:39:25 angel-VirtualBox dbus-daemon[549]: [system] Successfully activated service 'org.freedesktop.hostname1'
sep 30 06:39:25 angel-VirtualBox systemd[1]: Started systemd-hostnamed.service - Hostname Service.
sep 30 06:39:25 angel-VirtualBox NetworkManager[661]: <info>  [1759235965.6912] hostname: hostname: using hostnamed
sep 30 06:39:25 angel-VirtualBox NetworkManager[661]: <info>  [1759235965.6913] hostname: static hostname changed from (none) to "angel-VirtualBox"
sep 30 06:39:25 angel-VirtualBox NetworkManager[661]: <info>  [1759235965.7029] dns-mgr: init: dns=systemd-resolved rc-manager=unmanaged (auto), plugin=systemd-resolved
sep 30 06:39:25 angel-VirtualBox NetworkManager[661]: <info>  [1759235965.7144] manager[0x61150edead70]: rfkill: Wi-Fi hardware radio set enabled
